Archive member included to satisfy reference by file (symbol)

/home/lee/stm32f407_boot/tools/toolchain/gcc-arm-none-eabi/gcc-arm-none-eabi-10.3-2021.10/bin/../lib/gcc/arm-none-eabi/10.3.1/../../../../arm-none-eabi/lib/thumb/v7e-m+fp/hard/libc_nano.a(lib_a-exit.o)
                              /home/lee/stm32f407_boot/tools/toolchain/gcc-arm-none-eabi/gcc-arm-none-eabi-10.3-2021.10/bin/../lib/gcc/arm-none-eabi/10.3.1/../../../../arm-none-eabi/lib/thumb/v7e-m+fp/hard/crt0.o (exit)
/home/lee/stm32f407_boot/tools/toolchain/gcc-arm-none-eabi/gcc-arm-none-eabi-10.3-2021.10/bin/../lib/gcc/arm-none-eabi/10.3.1/../../../../arm-none-eabi/lib/thumb/v7e-m+fp/hard/libc_nano.a(lib_a-impure.o)
                              /home/lee/stm32f407_boot/tools/toolchain/gcc-arm-none-eabi/gcc-arm-none-eabi-10.3-2021.10/bin/../lib/gcc/arm-none-eabi/10.3.1/../../../../arm-none-eabi/lib/thumb/v7e-m+fp/hard/libc_nano.a(lib_a-exit.o) (_global_impure_ptr)
/home/lee/stm32f407_boot/tools/toolchain/gcc-arm-none-eabi/gcc-arm-none-eabi-10.3-2021.10/bin/../lib/gcc/arm-none-eabi/10.3.1/../../../../arm-none-eabi/lib/thumb/v7e-m+fp/hard/libc_nano.a(lib_a-init.o)
                              /home/lee/stm32f407_boot/tools/toolchain/gcc-arm-none-eabi/gcc-arm-none-eabi-10.3-2021.10/bin/../lib/gcc/arm-none-eabi/10.3.1/../../../../arm-none-eabi/lib/thumb/v7e-m+fp/hard/crt0.o (__libc_init_array)
/home/lee/stm32f407_boot/tools/toolchain/gcc-arm-none-eabi/gcc-arm-none-eabi-10.3-2021.10/bin/../lib/gcc/arm-none-eabi/10.3.1/../../../../arm-none-eabi/lib/thumb/v7e-m+fp/hard/libc_nano.a(lib_a-memset.o)
                              /home/lee/stm32f407_boot/tools/toolchain/gcc-arm-none-eabi/gcc-arm-none-eabi-10.3-2021.10/bin/../lib/gcc/arm-none-eabi/10.3.1/../../../../arm-none-eabi/lib/thumb/v7e-m+fp/hard/crt0.o (memset)
/home/lee/stm32f407_boot/tools/toolchain/gcc-arm-none-eabi/gcc-arm-none-eabi-10.3-2021.10/bin/../lib/gcc/arm-none-eabi/10.3.1/../../../../arm-none-eabi/lib/thumb/v7e-m+fp/hard/libnosys.a(_exit.o)
                              /home/lee/stm32f407_boot/tools/toolchain/gcc-arm-none-eabi/gcc-arm-none-eabi-10.3-2021.10/bin/../lib/gcc/arm-none-eabi/10.3.1/../../../../arm-none-eabi/lib/thumb/v7e-m+fp/hard/libc_nano.a(lib_a-exit.o) (_exit)

Discarded input sections

 .text          0x0000000000000000        0x0 /home/lee/stm32f407_boot/tools/toolchain/gcc-arm-none-eabi/gcc-arm-none-eabi-10.3-2021.10/bin/../lib/gcc/arm-none-eabi/10.3.1/thumb/v7e-m+fp/hard/crti.o
 .data          0x0000000000000000        0x0 /home/lee/stm32f407_boot/tools/toolchain/gcc-arm-none-eabi/gcc-arm-none-eabi-10.3-2021.10/bin/../lib/gcc/arm-none-eabi/10.3.1/thumb/v7e-m+fp/hard/crti.o
 .bss           0x0000000000000000        0x0 /home/lee/stm32f407_boot/tools/toolchain/gcc-arm-none-eabi/gcc-arm-none-eabi-10.3-2021.10/bin/../lib/gcc/arm-none-eabi/10.3.1/thumb/v7e-m+fp/hard/crti.o
 .data          0x0000000000000000        0x4 /home/lee/stm32f407_boot/tools/toolchain/gcc-arm-none-eabi/gcc-arm-none-eabi-10.3-2021.10/bin/../lib/gcc/arm-none-eabi/10.3.1/thumb/v7e-m+fp/hard/crtbegin.o
 .rodata        0x0000000000000000       0x24 /home/lee/stm32f407_boot/tools/toolchain/gcc-arm-none-eabi/gcc-arm-none-eabi-10.3-2021.10/bin/../lib/gcc/arm-none-eabi/10.3.1/thumb/v7e-m+fp/hard/crtbegin.o
 .text          0x0000000000000000       0x7c /home/lee/stm32f407_boot/tools/toolchain/gcc-arm-none-eabi/gcc-arm-none-eabi-10.3-2021.10/bin/../lib/gcc/arm-none-eabi/10.3.1/../../../../arm-none-eabi/lib/thumb/v7e-m+fp/hard/crt0.o
 .data          0x0000000000000000        0x0 /home/lee/stm32f407_boot/tools/toolchain/gcc-arm-none-eabi/gcc-arm-none-eabi-10.3-2021.10/bin/../lib/gcc/arm-none-eabi/10.3.1/../../../../arm-none-eabi/lib/thumb/v7e-m+fp/hard/crt0.o
 .bss           0x0000000000000000        0x0 /home/lee/stm32f407_boot/tools/toolchain/gcc-arm-none-eabi/gcc-arm-none-eabi-10.3-2021.10/bin/../lib/gcc/arm-none-eabi/10.3.1/../../../../arm-none-eabi/lib/thumb/v7e-m+fp/hard/crt0.o
 .ARM.extab     0x0000000000000000        0x0 /home/lee/stm32f407_boot/tools/toolchain/gcc-arm-none-eabi/gcc-arm-none-eabi-10.3-2021.10/bin/../lib/gcc/arm-none-eabi/10.3.1/../../../../arm-none-eabi/lib/thumb/v7e-m+fp/hard/crt0.o
 .ARM.exidx     0x0000000000000000       0x10 /home/lee/stm32f407_boot/tools/toolchain/gcc-arm-none-eabi/gcc-arm-none-eabi-10.3-2021.10/bin/../lib/gcc/arm-none-eabi/10.3.1/../../../../arm-none-eabi/lib/thumb/v7e-m+fp/hard/crt0.o
 .ARM.attributes
                0x0000000000000000       0x1c /home/lee/stm32f407_boot/tools/toolchain/gcc-arm-none-eabi/gcc-arm-none-eabi-10.3-2021.10/bin/../lib/gcc/arm-none-eabi/10.3.1/../../../../arm-none-eabi/lib/thumb/v7e-m+fp/hard/crt0.o
 .text          0x0000000000000000        0x0 build/boot/boot.o
 .data          0x0000000000000000        0x0 build/boot/boot.o
 .bss           0x0000000000000000        0x0 build/boot/boot.o
 .text          0x0000000000000000        0x0 build/platform/driver/src/stm32f4xx_dbgmcu.o
[...]
Memory Configuration

Name             Origin             Length             Attributes
RAM              0x0000000020000000 0x0000000000020000 xrw
CCMRAM           0x0000000010000000 0x0000000000010000 xrw
FLASH            0x0000000008000000 0x0000000000080000 xr
*default*        0x0000000000000000 0xffffffffffffffff

Linker script and memory map

LOAD /home/lee/stm32f407_boot/tools/toolchain/gcc-arm-none-eabi/gcc-arm-none-eabi-10.3-2021.10/bin/../lib/gcc/arm-none-eabi/10.3.1/thumb/v7e-m+fp/hard/crti.o
LOAD /home/lee/stm32f407_boot/tools/toolchain/gcc-arm-none-eabi/gcc-arm-none-eabi-10.3-2021.10/bin/../lib/gcc/arm-none-eabi/10.3.1/thumb/v7e-m+fp/hard/crtbegin.o
LOAD /home/lee/stm32f407_boot/tools/toolchain/gcc-arm-none-eabi/gcc-arm-none-eabi-10.3-2021.10/bin/../lib/gcc/arm-none-eabi/10.3.1/../../../../arm-none-eabi/lib/thumb/v7e-m+fp/hard/crt0.o
LOAD build/boot/boot.o
LOAD build/platform/driver/src/stm32f4xx_dbgmcu.o
LOAD build/platform/driver/src/stm32f4xx_dac.o
LOAD build/platform/driver/src/stm32f4xx_hash_sha1.o
LOAD build/platform/driver/src/stm32f4xx_rng.o
LOAD build/platform/driver/src/stm32f4xx_flash_ramfunc.o
LOAD build/platform/driver/src/stm32f4xx_gpio.o
LOAD build/platform/driver/src/stm32f4xx_hash_md5.o
LOAD build/platform/driver/src/misc.o
LOAD build/platform/driver/src/stm32f4xx_qspi.o
LOAD build/platform/driver/src/stm32f4xx_spdifrx.o
LOAD build/platform/driver/src/stm32f4xx_ltdc.o
LOAD build/platform/driver/src/stm32f4xx_fsmc.o
LOAD build/platform/driver/src/stm32f4xx_tim.o
LOAD build/platform/driver/src/stm32f4xx_can.o
LOAD build/platform/driver/src/stm32f4xx_exti.o
LOAD build/platform/driver/src/stm32f4xx_rtc.o
LOAD build/platform/driver/src/stm32f4xx_crc.o
LOAD build/platform/driver/src/stm32f4xx_cryp_tdes.o
LOAD build/platform/driver/src/stm32f4xx_i2c.o
LOAD build/platform/driver/src/stm32f4xx_flash.o
LOAD build/platform/driver/src/stm32f4xx_dma2d.o
LOAD build/platform/driver/src/stm32f4xx_cryp_aes.o
LOAD build/platform/driver/src/stm32f4xx_lptim.o
LOAD build/platform/driver/src/stm32f4xx_usart.o
LOAD build/platform/driver/src/stm32f4xx_spi.o
LOAD build/platform/driver/src/stm32f4xx_cec.o
LOAD build/platform/driver/src/stm32f4xx_pwr.o
LOAD build/platform/driver/src/stm32f4xx_dcmi.o
LOAD build/platform/driver/src/stm32f4xx_adc.o
LOAD build/platform/driver/src/stm32f4xx_dsi.o
LOAD build/platform/driver/src/stm32f4xx_cryp.o
LOAD build/platform/driver/src/stm32f4xx_wwdg.o
LOAD build/platform/driver/src/stm32f4xx_cryp_des.o
LOAD build/platform/driver/src/stm32f4xx_dfsdm.o
LOAD build/platform/driver/src/stm32f4xx_dma.o
LOAD build/platform/driver/src/stm32f4xx_iwdg.o
LOAD build/platform/driver/src/stm32f4xx_rcc.o
LOAD build/platform/driver/src/stm32f4xx_syscfg.o
LOAD build/platform/driver/src/stm32f4xx_hash.o
LOAD build/platform/driver/src/stm32f4xx_sdio.o
LOAD build/platform/driver/src/stm32f4xx_fmpi2c.o
LOAD build/platform/driver/src/stm32f4xx_sai.o
LOAD build/platform/cmsis/device/system_stm32f4xx.o
LOAD build/platform/cmsis/device/startup_stm32f40_41xxx.o
LOAD /home/lee/stm32f407_boot/tools/toolchain/gcc-arm-none-eabi/gcc-arm-none-eabi-10.3-2021.10/bin/../lib/gcc/arm-none-eabi/10.3.1/../../../../arm-none-eabi/lib/thumb/v7e-m+fp/hard/libc_nano.a
LOAD /home/lee/stm32f407_boot/tools/toolchain/gcc-arm-none-eabi/gcc-arm-none-eabi-10.3-2021.10/bin/../lib/gcc/arm-none-eabi/10.3.1/../../../../arm-none-eabi/lib/thumb/v7e-m+fp/hard/libm.a
LOAD /home/lee/stm32f407_boot/tools/toolchain/gcc-arm-none-eabi/gcc-arm-none-eabi-10.3-2021.10/bin/../lib/gcc/arm-none-eabi/10.3.1/../../../../arm-none-eabi/lib/thumb/v7e-m+fp/hard/libnosys.a
START GROUP
LOAD /home/lee/stm32f407_boot/tools/toolchain/gcc-arm-none-eabi/gcc-arm-none-eabi-10.3-2021.10/bin/../lib/gcc/arm-none-eabi/10.3.1/thumb/v7e-m+fp/hard/libgcc.a
LOAD /home/lee/stm32f407_boot/tools/toolchain/gcc-arm-none-eabi/gcc-arm-none-eabi-10.3-2021.10/bin/../lib/gcc/arm-none-eabi/10.3.1/../../../../arm-none-eabi/lib/thumb/v7e-m+fp/hard/libc_nano.a
END GROUP
START GROUP
LOAD /home/lee/stm32f407_boot/tools/toolchain/gcc-arm-none-eabi/gcc-arm-none-eabi-10.3-2021.10/bin/../lib/gcc/arm-none-eabi/10.3.1/thumb/v7e-m+fp/hard/libgcc.a
LOAD /home/lee/stm32f407_boot/tools/toolchain/gcc-arm-none-eabi/gcc-arm-none-eabi-10.3-2021.10/bin/../lib/gcc/arm-none-eabi/10.3.1/../../../../arm-none-eabi/lib/thumb/v7e-m+fp/hard/libc_nano.a
END GROUP
LOAD /home/lee/stm32f407_boot/tools/toolchain/gcc-arm-none-eabi/gcc-arm-none-eabi-10.3-2021.10/bin/../lib/gcc/arm-none-eabi/10.3.1/thumb/v7e-m+fp/hard/crtend.o
LOAD /home/lee/stm32f407_boot/tools/toolchain/gcc-arm-none-eabi/gcc-arm-none-eabi-10.3-2021.10/bin/../lib/gcc/arm-none-eabi/10.3.1/thumb/v7e-m+fp/hard/crtn.o
                0x0000000020020000                _estack = (ORIGIN (RAM) + LENGTH (RAM))
                0x0000000000000200                _Min_Heap_Size = 0x200
                0x0000000000000400                _Min_Stack_Size = 0x400

.isr_vector     0x0000000008000000      0x188
                0x0000000008000000                . = ALIGN (0x4)
 *(.isr_vector)
 .isr_vector    0x0000000008000000      0x188 build/platform/cmsis/device/startup_stm32f40_41xxx.o
                0x0000000008000000                g_pfnVectors
                0x0000000008000188                . = ALIGN (0x4)

.text           0x0000000008000188      0x1b8
                0x0000000008000188                . = ALIGN (0x4)
 *(.text)
 .text          0x0000000008000188       0x40 /home/lee/stm32f407_boot/tools/toolchain/gcc-arm-none-eabi/gcc-arm-none-eabi-10.3-2021.10/bin/../lib/gcc/arm-none-eabi/10.3.1/thumb/v7e-m+fp/hard/crtbegin.o
 *(.text*)
 .text.main     0x00000000080001c8        0x2 build/boot/boot.o
                0x00000000080001c8                main
 *fill*         0x00000000080001ca        0x2 
 .text.SetSysClock
                0x00000000080001cc       0xc4 build/platform/cmsis/device/system_stm32f4xx.o
 .text.SystemInit
                0x0000000008000290       0x50 build/platform/cmsis/device/system_stm32f4xx.o
                0x0000000008000290                SystemInit
 .text.Reset_Handler
                0x00000000080002e0       0x44 build/platform/cmsis/device/startup_stm32f40_41xxx.o
                0x00000000080002e0                Reset_Handler
 .text.Default_Handler
                0x0000000008000324        0x2 build/platform/cmsis/device/startup_stm32f40_41xxx.o
                0x0000000008000324                RTC_Alarm_IRQHandler
                0x0000000008000324                HASH_RNG_IRQHandler
                0x0000000008000324                EXTI2_IRQHandler
                0x0000000008000324                TIM8_CC_IRQHandler
                0x0000000008000324                DebugMon_Handler
                0x0000000008000324                TIM1_CC_IRQHandler
                0x0000000008000324                DMA2_Stream5_IRQHandler
                0x0000000008000324                HardFault_Handler
                0x0000000008000324                DMA1_Stream5_IRQHandler
                0x0000000008000324                SysTick_Handler
                0x0000000008000324                PVD_IRQHandler
                0x0000000008000324                SDIO_IRQHandler
                0x0000000008000324                TAMP_STAMP_IRQHandler
                0x0000000008000324                PendSV_Handler
                0x0000000008000324                NMI_Handler
                0x0000000008000324                CAN2_RX1_IRQHandler
                0x0000000008000324                EXTI3_IRQHandler
                0x0000000008000324                TIM8_TRG_COM_TIM14_IRQHandler
                0x0000000008000324                TIM1_UP_TIM10_IRQHandler
                0x0000000008000324                TIM8_UP_TIM13_IRQHandler
                0x0000000008000324                I2C3_ER_IRQHandler
                0x0000000008000324                EXTI0_IRQHandler
                0x0000000008000324                I2C2_EV_IRQHandler
                0x0000000008000324                DMA1_Stream2_IRQHandler
                0x0000000008000324                CAN1_RX0_IRQHandler
                0x0000000008000324                FPU_IRQHandler
                0x0000000008000324                OTG_HS_WKUP_IRQHandler
                0x0000000008000324                UsageFault_Handler
                0x0000000008000324                CAN2_SCE_IRQHandler
                0x0000000008000324                DMA2_Stream2_IRQHandler
                0x0000000008000324                SPI1_IRQHandler
                0x0000000008000324                TIM6_DAC_IRQHandler
                0x0000000008000324                TIM1_BRK_TIM9_IRQHandler
                0x0000000008000324                DCMI_IRQHandler
                0x0000000008000324                CAN2_RX0_IRQHandler
                0x0000000008000324                DMA2_Stream3_IRQHandler
                0x0000000008000324                USART6_IRQHandler
                0x0000000008000324                USART3_IRQHandler
                0x0000000008000324                CRYP_IRQHandler
                0x0000000008000324                CAN1_RX1_IRQHandler
                0x0000000008000324                UART5_IRQHandler
                0x0000000008000324                DMA2_Stream0_IRQHandler
                0x0000000008000324                TIM4_IRQHandler
                0x0000000008000324                I2C1_EV_IRQHandler
                0x0000000008000324                DMA1_Stream6_IRQHandler
                0x0000000008000324                DMA1_Stream1_IRQHandler
                0x0000000008000324                UART4_IRQHandler
                0x0000000008000324                TIM3_IRQHandler
                0x0000000008000324                RCC_IRQHandler
                0x0000000008000324                TIM8_BRK_TIM12_IRQHandler
                0x0000000008000324                Default_Handler
                0x0000000008000324                EXTI15_10_IRQHandler
                0x0000000008000324                ADC_IRQHandler
                0x0000000008000324                DMA1_Stream7_IRQHandler
                0x0000000008000324                TIM7_IRQHandler
                0x0000000008000324                CAN2_TX_IRQHandler
                0x0000000008000324                TIM5_IRQHandler
                0x0000000008000324                DMA2_Stream7_IRQHandler
                0x0000000008000324                I2C3_EV_IRQHandler
                0x0000000008000324                EXTI9_5_IRQHandler
                0x0000000008000324                RTC_WKUP_IRQHandler
                0x0000000008000324                ETH_WKUP_IRQHandler
                0x0000000008000324                SPI2_IRQHandler
                0x0000000008000324                OTG_HS_EP1_IN_IRQHandler
                0x0000000008000324                MemManage_Handler
                0x0000000008000324                DMA1_Stream0_IRQHandler
                0x0000000008000324                CAN1_TX_IRQHandler
                0x0000000008000324                SVC_Handler
                0x0000000008000324                EXTI4_IRQHandler
                0x0000000008000324                FSMC_IRQHandler
                0x0000000008000324                ETH_IRQHandler
                0x0000000008000324                OTG_HS_EP1_OUT_IRQHandler
                0x0000000008000324                WWDG_IRQHandler
                0x0000000008000324                TIM2_IRQHandler
                0x0000000008000324                OTG_FS_WKUP_IRQHandler
                0x0000000008000324                TIM1_TRG_COM_TIM11_IRQHandler
                0x0000000008000324                OTG_HS_IRQHandler
                0x0000000008000324                EXTI1_IRQHandler
                0x0000000008000324                USART2_IRQHandler
                0x0000000008000324                I2C2_ER_IRQHandler
                0x0000000008000324                DMA2_Stream1_IRQHandler
                0x0000000008000324                CAN1_SCE_IRQHandler
                0x0000000008000324                FLASH_IRQHandler
                0x0000000008000324                DMA2_Stream4_IRQHandler
                0x0000000008000324                BusFault_Handler
                0x0000000008000324                USART1_IRQHandler
                0x0000000008000324                OTG_FS_IRQHandler
                0x0000000008000324                SPI3_IRQHandler
                0x0000000008000324                DMA1_Stream4_IRQHandler
                0x0000000008000324                I2C1_ER_IRQHandler
                0x0000000008000324                DMA2_Stream6_IRQHandler
                0x0000000008000324                DMA1_Stream3_IRQHandler
 *(.glue_7)
 .glue_7        0x0000000008000326        0x0 linker stubs
 *(.glue_7t)
 .glue_7t       0x0000000008000326        0x0 linker stubs
 *(.eh_frame)
 *fill*         0x0000000008000326        0x2 
 .eh_frame      0x0000000008000328        0x0 /home/lee/stm32f407_boot/tools/toolchain/gcc-arm-none-eabi/gcc-arm-none-eabi-10.3-2021.10/bin/../lib/gcc/arm-none-eabi/10.3.1/thumb/v7e-m+fp/hard/crtbegin.o
 *(.init)
 .init          0x0000000008000328        0x4 /home/lee/stm32f407_boot/tools/toolchain/gcc-arm-none-eabi/gcc-arm-none-eabi-10.3-2021.10/bin/../lib/gcc/arm-none-eabi/10.3.1/thumb/v7e-m+fp/hard/crti.o
                0x0000000008000328                _init
 .init          0x000000000800032c        0x8 /home/lee/stm32f407_boot/tools/toolchain/gcc-arm-none-eabi/gcc-arm-none-eabi-10.3-2021.10/bin/../lib/gcc/arm-none-eabi/10.3.1/thumb/v7e-m+fp/hard/crtn.o
 *(.fini)
 .fini          0x0000000008000334        0x4 /home/lee/stm32f407_boot/tools/toolchain/gcc-arm-none-eabi/gcc-arm-none-eabi-10.3-2021.10/bin/../lib/gcc/arm-none-eabi/10.3.1/thumb/v7e-m+fp/hard/crti.o
                0x0000000008000334                _fini
 .fini          0x0000000008000338        0x8 /home/lee/stm32f407_boot/tools/toolchain/gcc-arm-none-eabi/gcc-arm-none-eabi-10.3-2021.10/bin/../lib/gcc/arm-none-eabi/10.3.1/thumb/v7e-m+fp/hard/crtn.o
                0x0000000008000340                . = ALIGN (0x4)
                0x0000000008000340                _etext = .

.vfp11_veneer   0x0000000008000340        0x0
 .vfp11_veneer  0x0000000008000340        0x0 linker stubs

.v4_bx          0x0000000008000340        0x0
 .v4_bx         0x0000000008000340        0x0 linker stubs

.iplt           0x0000000008000340        0x0
 .iplt          0x0000000008000340        0x0 /home/lee/stm32f407_boot/tools/toolchain/gcc-arm-none-eabi/gcc-arm-none-eabi-10.3-2021.10/bin/../lib/gcc/arm-none-eabi/10.3.1/thumb/v7e-m+fp/hard/crtbegin.o

.rel.dyn        0x0000000008000340        0x0
 .rel.iplt      0x0000000008000340        0x0 /home/lee/stm32f407_boot/tools/toolchain/gcc-arm-none-eabi/gcc-arm-none-eabi-10.3-2021.10/bin/../lib/gcc/arm-none-eabi/10.3.1/thumb/v7e-m+fp/hard/crtbegin.o

.rodata         0x0000000008000340        0x0
                0x0000000008000340                . = ALIGN (0x4)
 *(.rodata)
 *(.rodata*)
                0x0000000008000340                . = ALIGN (0x4)

.ARM.extab
 *(.ARM.extab* .gnu.linkonce.armextab.*)

.ARM            0x0000000008000340        0x0
                0x0000000008000340                __exidx_start = .
 *(.ARM.exidx*)
                0x0000000008000340                __exidx_end = .

.preinit_array  0x0000000008000340        0x0
                0x0000000008000340                PROVIDE (__preinit_array_start = .)
 *(.preinit_array*)
                0x0000000008000340                PROVIDE (__preinit_array_end = .)

.init_array     0x0000000008000340        0x4
                0x0000000008000340                PROVIDE (__init_array_start = .)
 *(SORT_BY_NAME(.init_array.*))
 *(.init_array*)
 .init_array    0x0000000008000340        0x4 /home/lee/stm32f407_boot/tools/toolchain/gcc-arm-none-eabi/gcc-arm-none-eabi-10.3-2021.10/bin/../lib/gcc/arm-none-eabi/10.3.1/thumb/v7e-m+fp/hard/crtbegin.o
                0x0000000008000344                PROVIDE (__init_array_end = .)

.fini_array     0x0000000008000344        0x4
                [!provide]                        PROVIDE (__fini_array_start = .)
 *(SORT_BY_NAME(.fini_array.*))
 *(.fini_array*)
 .fini_array    0x0000000008000344        0x4 /home/lee/stm32f407_boot/tools/toolchain/gcc-arm-none-eabi/gcc-arm-none-eabi-10.3-2021.10/bin/../lib/gcc/arm-none-eabi/10.3.1/thumb/v7e-m+fp/hard/crtbegin.o
                [!provide]                        PROVIDE (__fini_array_end = .)
                0x0000000008000348                _sidata = LOADADDR (.data)

.data           0x0000000020000000        0x0 load address 0x0000000008000348
                0x0000000020000000                . = ALIGN (0x4)
                0x0000000020000000                _sdata = .
 *(.data)
 *(.data*)
                0x0000000020000000                . = ALIGN (0x4)
                0x0000000020000000                _edata = .
                0x0000000008000348                _siccmram = LOADADDR (.ccmram)

.igot.plt       0x0000000020000000        0x0 load address 0x0000000008000348
 .igot.plt      0x0000000020000000        0x0 /home/lee/stm32f407_boot/tools/toolchain/gcc-arm-none-eabi/gcc-arm-none-eabi-10.3-2021.10/bin/../lib/gcc/arm-none-eabi/10.3.1/thumb/v7e-m+fp/hard/crtbegin.o

.ccmram         0x0000000010000000        0x0 load address 0x0000000008000348
                0x0000000010000000                . = ALIGN (0x4)
                0x0000000010000000                _sccmram = .
 *(.ccmram)
 *(.ccmram*)
                0x0000000010000000                . = ALIGN (0x4)
                0x0000000010000000                _eccmram = .
                0x0000000010000000                . = ALIGN (0x4)

.bss            0x0000000020000000       0x1c
                0x0000000020000000                _sbss = .
                0x0000000020000000                __bss_start__ = _sbss
 *(.bss)
 .bss           0x0000000020000000       0x1c /home/lee/stm32f407_boot/tools/toolchain/gcc-arm-none-eabi/gcc-arm-none-eabi-10.3-2021.10/bin/../lib/gcc/arm-none-eabi/10.3.1/thumb/v7e-m+fp/hard/crtbegin.o
 *(.bss*)
 *(COMMON)
                0x000000002000001c                . = ALIGN (0x4)
                0x000000002000001c                _ebss = .
                0x000000002000001c                __bss_end__ = _ebss

._user_heap_stack
                0x000000002000001c      0x604
                0x0000000020000020                . = ALIGN (0x8)
 *fill*         0x000000002000001c        0x4 
                [!provide]                        PROVIDE (end = .)
                [!provide]                        PROVIDE (_end = .)
                0x0000000020000220                . = (. + _Min_Heap_Size)
 *fill*         0x0000000020000020      0x200 
                0x0000000020000620                . = (. + _Min_Stack_Size)
 *fill*         0x0000000020000220      0x400 
                0x0000000020000620                . = ALIGN (0x8)

/DISCARD/
 libc.a(*)
 libm.a(*)
 libgcc.a(*)

.ARM.attributes
                0x0000000000000000       0x30
 *(.ARM.attributes)
 .ARM.attributes
                0x0000000000000000       0x1e /home/lee/stm32f407_boot/tools/toolchain/gcc-arm-none-eabi/gcc-arm-none-eabi-10.3-2021.10/bin/../lib/gcc/arm-none-eabi/10.3.1/thumb/v7e-m+fp/hard/crti.o
 .ARM.attributes
                0x000000000000001e       0x34 /home/lee/stm32f407_boot/tools/toolchain/gcc-arm-none-eabi/gcc-arm-none-eabi-10.3-2021.10/bin/../lib/gcc/arm-none-eabi/10.3.1/thumb/v7e-m+fp/hard/crtbegin.o
 .ARM.attributes
                0x0000000000000052       0x34 build/boot/boot.o
 .ARM.attributes
                0x0000000000000086       0x34 build/platform/cmsis/device/system_stm32f4xx.o
 .ARM.attributes
                0x00000000000000ba       0x21 build/platform/cmsis/device/startup_stm32f40_41xxx.o
 .ARM.attributes
                0x00000000000000db       0x1e /home/lee/stm32f407_boot/tools/toolchain/gcc-arm-none-eabi/gcc-arm-none-eabi-10.3-2021.10/bin/../lib/gcc/arm-none-eabi/10.3.1/thumb/v7e-m+fp/hard/crtn.o
OUTPUT(build/stm32f407_boot.elf elf32-littlearm)
LOAD linker stubs
LOAD /home/lee/stm32f407_boot/tools/toolchain/gcc-arm-none-eabi/gcc-arm-none-eabi-10.3-2021.10/bin/../lib/gcc/arm-none-eabi/10.3.1/../../../../arm-none-eabi/lib/thumb/v7e-m+fp/hard/libc.a
LOAD /home/lee/stm32f407_boot/tools/toolchain/gcc-arm-none-eabi/gcc-arm-none-eabi-10.3-2021.10/bin/../lib/gcc/arm-none-eabi/10.3.1/../../../../arm-none-eabi/lib/thumb/v7e-m+fp/hard/libm.a
LOAD /home/lee/stm32f407_boot/tools/toolchain/gcc-arm-none-eabi/gcc-arm-none-eabi-10.3-2021.10/bin/../lib/gcc/arm-none-eabi/10.3.1/thumb/v7e-m+fp/hard/libgcc.a

.debug_info     0x0000000000000000      0x794
 .debug_info    0x0000000000000000       0x98 build/boot/boot.o
 .debug_info    0x0000000000000098      0x6fc build/platform/cmsis/device/system_stm32f4xx.o

.debug_abbrev   0x0000000000000000      0x1d1
 .debug_abbrev  0x0000000000000000       0x48 build/boot/boot.o
 .debug_abbrev  0x0000000000000048      0x189 build/platform/cmsis/device/system_stm32f4xx.o

.debug_aranges  0x0000000000000000       0x50
 .debug_aranges
                0x0000000000000000       0x20 build/boot/boot.o
 .debug_aranges
                0x0000000000000020       0x30 build/platform/cmsis/device/system_stm32f4xx.o

.debug_ranges   0x0000000000000000       0x30
 .debug_ranges  0x0000000000000000       0x10 build/boot/boot.o
 .debug_ranges  0x0000000000000010       0x20 build/platform/cmsis/device/system_stm32f4xx.o

.debug_line     0x0000000000000000      0x456
 .debug_line    0x0000000000000000       0x50 build/boot/boot.o
 .debug_line    0x0000000000000050      0x406 build/platform/cmsis/device/system_stm32f4xx.o

.debug_str      0x0000000000000000      0x3a3
 .debug_str     0x0000000000000000      0x136 build/boot/boot.o
                                        0x16f (size before relaxing)
 .debug_str     0x0000000000000136      0x26d build/platform/cmsis/device/system_stm32f4xx.o
                                        0x3de (size before relaxing)

.comment        0x0000000000000000       0x49
 .comment       0x0000000000000000       0x49 build/boot/boot.o
                                         0x4a (size before relaxing)
 .comment       0x0000000000000049       0x4a build/platform/cmsis/device/system_stm32f4xx.o

.debug_frame    0x0000000000000000       0x74
 .debug_frame   0x0000000000000000       0x20 build/boot/boot.o
 .debug_frame   0x0000000000000020       0x54 build/platform/cmsis/device/system_stm32f4xx.o

.debug_loc      0x0000000000000000      0x1b0
 .debug_loc     0x0000000000000000      0x1b0 build/platform/cmsis/device/system_stm32f4xx.o

Cross Reference Table

Symbol                                            File
ADC_AnalogWatchdogCmd                             build/platform/driver/src/stm32f4xx_adc.o
ADC_AnalogWatchdogSingleChannelConfig             build/platform/driver/src/stm32f4xx_adc.o
ADC_AnalogWatchdogThresholdsConfig                build/platform/driver/src/stm32f4xx_adc.o
ADC_AutoInjectedConvCmd                           build/platform/driver/src/stm32f4xx_adc.o
ADC_ClearFlag                                     build/platform/driver/src/stm32f4xx_adc.o
ADC_ClearITPendingBit                             build/platform/driver/src/stm32f4xx_adc.o
ADC_Cmd                                           build/platform/driver/src/stm32f4xx_adc.o
ADC_CommonInit                                    build/platform/driver/src/stm32f4xx_adc.o
ADC_CommonStructInit                              build/platform/driver/src/stm32f4xx_adc.o
ADC_ContinuousModeCmd                             build/platform/driver/src/stm32f4xx_adc.o
ADC_DMACmd                                        build/platform/driver/src/stm32f4xx_adc.o
ADC_DMARequestAfterLastTransferCmd                build/platform/driver/src/stm32f4xx_adc.o
ADC_DeInit                                        build/platform/driver/src/stm32f4xx_adc.o
ADC_DiscModeChannelCountConfig                    build/platform/driver/src/stm32f4xx_adc.o
ADC_DiscModeCmd                                   build/platform/driver/src/stm32f4xx_adc.o
ADC_EOCOnEachRegularChannelCmd                    build/platform/driver/src/stm32f4xx_adc.o
ADC_ExternalTrigInjectedConvConfig                build/platform/driver/src/stm32f4xx_adc.o
ADC_ExternalTrigInjectedConvEdgeConfig            build/platform/driver/src/stm32f4xx_adc.o
ADC_GetConversionValue                            build/platform/driver/src/stm32f4xx_adc.o
ADC_GetFlagStatus                                 build/platform/driver/src/stm32f4xx_adc.o
ADC_GetITStatus                                   build/platform/driver/src/stm32f4xx_adc.o
ADC_GetInjectedConversionValue                    build/platform/driver/src/stm32f4xx_adc.o
ADC_GetMultiModeConversionValue                   build/platform/driver/src/stm32f4xx_adc.o
ADC_GetSoftwareStartConvStatus                    build/platform/driver/src/stm32f4xx_adc.o
ADC_GetSoftwareStartInjectedConvCmdStatus         build/platform/driver/src/stm32f4xx_adc.o
ADC_IRQHandler                                    build/platform/cmsis/device/startup_stm32f40_41xxx.o
ADC_ITConfig                                      build/platform/driver/src/stm32f4xx_adc.o
ADC_Init                                          build/platform/driver/src/stm32f4xx_adc.o
ADC_InjectedChannelConfig                         build/platform/driver/src/stm32f4xx_adc.o
ADC_InjectedDiscModeCmd                           build/platform/driver/src/stm32f4xx_adc.o
ADC_InjectedSequencerLengthConfig                 build/platform/driver/src/stm32f4xx_adc.o
ADC_MultiModeDMARequestAfterLastTransferCmd       build/platform/driver/src/stm32f4xx_adc.o
ADC_RegularChannelConfig                          build/platform/driver/src/stm32f4xx_adc.o
ADC_SetInjectedOffset                             build/platform/driver/src/stm32f4xx_adc.o
ADC_SoftwareStartConv                             build/platform/driver/src/stm32f4xx_adc.o
ADC_SoftwareStartInjectedConv                     build/platform/driver/src/stm32f4xx_adc.o
ADC_StructInit                                    build/platform/driver/src/stm32f4xx_adc.o
ADC_TempSensorVrefintCmd                          build/platform/driver/src/stm32f4xx_adc.o
ADC_VBATCmd                                       build/platform/driver/src/stm32f4xx_adc.o
AHBPrescTable                                     build/platform/cmsis/device/system_stm32f4xx.o
BusFault_Handler                                  build/platform/cmsis/device/startup_stm32f40_41xxx.o
CAN1_RX0_IRQHandler                               build/platform/cmsis/device/startup_stm32f40_41xxx.o
CAN1_RX1_IRQHandler                               build/platform/cmsis/device/startup_stm32f40_41xxx.o
CAN1_SCE_IRQHandler                               build/platform/cmsis/device/startup_stm32f40_41xxx.o
CAN1_TX_IRQHandler                                build/platform/cmsis/device/startup_stm32f40_41xxx.o
CAN2_RX0_IRQHandler                               build/platform/cmsis/device/startup_stm32f40_41xxx.o
CAN2_RX1_IRQHandler                               build/platform/cmsis/device/startup_stm32f40_41xxx.o
CAN2_SCE_IRQHandler                               build/platform/cmsis/device/startup_stm32f40_41xxx.o
CAN2_TX_IRQHandler                                build/platform/cmsis/device/startup_stm32f40_41xxx.o
CAN_CancelTransmit                                build/platform/driver/src/stm32f4xx_can.o
CAN_ClearFlag                                     build/platform/driver/src/stm32f4xx_can.o
CAN_ClearITPendingBit                             build/platform/driver/src/stm32f4xx_can.o
CAN_DBGFreeze                                     build/platform/driver/src/stm32f4xx_can.o
CAN_DeInit                                        build/platform/driver/src/stm32f4xx_can.o
CAN_FIFORelease                                   build/platform/driver/src/stm32f4xx_can.o
CAN_FilterInit                                    build/platform/driver/src/stm32f4xx_can.o
CAN_GetFlagStatus                                 build/platform/driver/src/stm32f4xx_can.o
CAN_GetITStatus                                   build/platform/driver/src/stm32f4xx_can.o
CAN_GetLSBTransmitErrorCounter                    build/platform/driver/src/stm32f4xx_can.o
CAN_GetLastErrorCode                              build/platform/driver/src/stm32f4xx_can.o
CAN_GetReceiveErrorCounter                        build/platform/driver/src/stm32f4xx_can.o
CAN_ITConfig                                      build/platform/driver/src/stm32f4xx_can.o
CAN_Init                                          build/platform/driver/src/stm32f4xx_can.o
CAN_MessagePending                                build/platform/driver/src/stm32f4xx_can.o
CAN_OperatingModeRequest                          build/platform/driver/src/stm32f4xx_can.o
CAN_Receive                                       build/platform/driver/src/stm32f4xx_can.o
CAN_SlaveStartBank                                build/platform/driver/src/stm32f4xx_can.o
CAN_Sleep                                         build/platform/driver/src/stm32f4xx_can.o
CAN_StructInit                                    build/platform/driver/src/stm32f4xx_can.o
CAN_TTComModeCmd                                  build/platform/driver/src/stm32f4xx_can.o
CAN_Transmit                                      build/platform/driver/src/stm32f4xx_can.o
CAN_TransmitStatus                                build/platform/driver/src/stm32f4xx_can.o
CAN_WakeUp                                        build/platform/driver/src/stm32f4xx_can.o
CRC_CalcBlockCRC                                  build/platform/driver/src/stm32f4xx_crc.o
CRC_CalcCRC                                       build/platform/driver/src/stm32f4xx_crc.o
CRC_GetCRC                                        build/platform/driver/src/stm32f4xx_crc.o
CRC_GetIDRegister                                 build/platform/driver/src/stm32f4xx_crc.o
CRC_ResetDR                                       build/platform/driver/src/stm32f4xx_crc.o
CRC_SetIDRegister                                 build/platform/driver/src/stm32f4xx_crc.o
CRYP_AES_CBC                                      build/platform/driver/src/stm32f4xx_cryp_aes.o
CRYP_AES_CCM                                      build/platform/driver/src/stm32f4xx_cryp_aes.o
CRYP_AES_CTR                                      build/platform/driver/src/stm32f4xx_cryp_aes.o
CRYP_AES_ECB                                      build/platform/driver/src/stm32f4xx_cryp_aes.o
CRYP_AES_GCM                                      build/platform/driver/src/stm32f4xx_cryp_aes.o
CRYP_Cmd                                          build/platform/driver/src/stm32f4xx_cryp.o
                                                  build/platform/driver/src/stm32f4xx_cryp_des.o
                                                  build/platform/driver/src/stm32f4xx_cryp_aes.o
                                                  build/platform/driver/src/stm32f4xx_cryp_tdes.o
CRYP_DES_CBC                                      build/platform/driver/src/stm32f4xx_cryp_des.o
CRYP_DES_ECB                                      build/platform/driver/src/stm32f4xx_cryp_des.o
CRYP_DMACmd                                       build/platform/driver/src/stm32f4xx_cryp.o
CRYP_DataIn                                       build/platform/driver/src/stm32f4xx_cryp.o
                                                  build/platform/driver/src/stm32f4xx_cryp_des.o
                                                  build/platform/driver/src/stm32f4xx_cryp_aes.o
                                                  build/platform/driver/src/stm32f4xx_cryp_tdes.o
CRYP_DataOut                                      build/platform/driver/src/stm32f4xx_cryp.o
                                                  build/platform/driver/src/stm32f4xx_cryp_des.o
                                                  build/platform/driver/src/stm32f4xx_cryp_aes.o
                                                  build/platform/driver/src/stm32f4xx_cryp_tdes.o
CRYP_DeInit                                       build/platform/driver/src/stm32f4xx_cryp.o
CRYP_FIFOFlush                                    build/platform/driver/src/stm32f4xx_cryp.o
                                                  build/platform/driver/src/stm32f4xx_cryp_des.o
                                                  build/platform/driver/src/stm32f4xx_cryp_aes.o
                                                  build/platform/driver/src/stm32f4xx_cryp_tdes.o
CRYP_GetCmdStatus                                 build/platform/driver/src/stm32f4xx_cryp.o
                                                  build/platform/driver/src/stm32f4xx_cryp_des.o
                                                  build/platform/driver/src/stm32f4xx_cryp_aes.o
                                                  build/platform/driver/src/stm32f4xx_cryp_tdes.o
CRYP_GetFlagStatus                                build/platform/driver/src/stm32f4xx_cryp.o
                                                  build/platform/driver/src/stm32f4xx_cryp_des.o
                                                  build/platform/driver/src/stm32f4xx_cryp_aes.o
                                                  build/platform/driver/src/stm32f4xx_cryp_tdes.o
CRYP_GetITStatus                                  build/platform/driver/src/stm32f4xx_cryp.o
CRYP_IRQHandler                                   build/platform/cmsis/device/startup_stm32f40_41xxx.o
CRYP_ITConfig                                     build/platform/driver/src/stm32f4xx_cryp.o
CRYP_IVInit                                       build/platform/driver/src/stm32f4xx_cryp.o
                                                  build/platform/driver/src/stm32f4xx_cryp_des.o
                                                  build/platform/driver/src/stm32f4xx_cryp_aes.o
                                                  build/platform/driver/src/stm32f4xx_cryp_tdes.o
CRYP_IVStructInit                                 build/platform/driver/src/stm32f4xx_cryp.o
CRYP_Init                                         build/platform/driver/src/stm32f4xx_cryp.o
                                                  build/platform/driver/src/stm32f4xx_cryp_des.o
                                                  build/platform/driver/src/stm32f4xx_cryp_aes.o
                                                  build/platform/driver/src/stm32f4xx_cryp_tdes.o
CRYP_KeyInit                                      build/platform/driver/src/stm32f4xx_cryp.o
                                                  build/platform/driver/src/stm32f4xx_cryp_des.o
                                                  build/platform/driver/src/stm32f4xx_cryp_aes.o
                                                  build/platform/driver/src/stm32f4xx_cryp_tdes.o
CRYP_KeyStructInit                                build/platform/driver/src/stm32f4xx_cryp.o
                                                  build/platform/driver/src/stm32f4xx_cryp_des.o
                                                  build/platform/driver/src/stm32f4xx_cryp_aes.o
                                                  build/platform/driver/src/stm32f4xx_cryp_tdes.o
CRYP_PhaseConfig                                  build/platform/driver/src/stm32f4xx_cryp.o
                                                  build/platform/driver/src/stm32f4xx_cryp_aes.o
CRYP_RestoreContext                               build/platform/driver/src/stm32f4xx_cryp.o
CRYP_SaveContext                                  build/platform/driver/src/stm32f4xx_cryp.o
CRYP_StructInit                                   build/platform/driver/src/stm32f4xx_cryp.o
CRYP_TDES_CBC                                     build/platform/driver/src/stm32f4xx_cryp_tdes.o
CRYP_TDES_ECB                                     build/platform/driver/src/stm32f4xx_cryp_tdes.o
DAC_ClearFlag                                     build/platform/driver/src/stm32f4xx_dac.o
DAC_ClearITPendingBit                             build/platform/driver/src/stm32f4xx_dac.o
DAC_Cmd                                           build/platform/driver/src/stm32f4xx_dac.o
DAC_DMACmd                                        build/platform/driver/src/stm32f4xx_dac.o
DAC_DeInit                                        build/platform/driver/src/stm32f4xx_dac.o
DAC_DualSoftwareTriggerCmd                        build/platform/driver/src/stm32f4xx_dac.o
DAC_GetDataOutputValue                            build/platform/driver/src/stm32f4xx_dac.o
DAC_GetFlagStatus                                 build/platform/driver/src/stm32f4xx_dac.o
DAC_GetITStatus                                   build/platform/driver/src/stm32f4xx_dac.o
DAC_ITConfig                                      build/platform/driver/src/stm32f4xx_dac.o
DAC_Init                                          build/platform/driver/src/stm32f4xx_dac.o
DAC_SetChannel1Data                               build/platform/driver/src/stm32f4xx_dac.o
DAC_SetChannel2Data                               build/platform/driver/src/stm32f4xx_dac.o
DAC_SetDualChannelData                            build/platform/driver/src/stm32f4xx_dac.o
DAC_SoftwareTriggerCmd                            build/platform/driver/src/stm32f4xx_dac.o
DAC_StructInit                                    build/platform/driver/src/stm32f4xx_dac.o
DAC_WaveGenerationCmd                             build/platform/driver/src/stm32f4xx_dac.o
DBGMCU_APB1PeriphConfig                           build/platform/driver/src/stm32f4xx_dbgmcu.o
DBGMCU_APB2PeriphConfig                           build/platform/driver/src/stm32f4xx_dbgmcu.o
DBGMCU_Config                                     build/platform/driver/src/stm32f4xx_dbgmcu.o
DBGMCU_GetDEVID                                   build/platform/driver/src/stm32f4xx_dbgmcu.o
DBGMCU_GetREVID                                   build/platform/driver/src/stm32f4xx_dbgmcu.o
DCMI_CROPCmd                                      build/platform/driver/src/stm32f4xx_dcmi.o
DCMI_CROPConfig                                   build/platform/driver/src/stm32f4xx_dcmi.o
DCMI_CaptureCmd                                   build/platform/driver/src/stm32f4xx_dcmi.o
DCMI_ClearFlag                                    build/platform/driver/src/stm32f4xx_dcmi.o
DCMI_ClearITPendingBit                            build/platform/driver/src/stm32f4xx_dcmi.o
DCMI_Cmd                                          build/platform/driver/src/stm32f4xx_dcmi.o
DCMI_DeInit                                       build/platform/driver/src/stm32f4xx_dcmi.o
DCMI_GetFlagStatus                                build/platform/driver/src/stm32f4xx_dcmi.o
DCMI_GetITStatus                                  build/platform/driver/src/stm32f4xx_dcmi.o
DCMI_IRQHandler                                   build/platform/cmsis/device/startup_stm32f40_41xxx.o
DCMI_ITConfig                                     build/platform/driver/src/stm32f4xx_dcmi.o
DCMI_Init                                         build/platform/driver/src/stm32f4xx_dcmi.o
DCMI_JPEGCmd                                      build/platform/driver/src/stm32f4xx_dcmi.o
DCMI_ReadData                                     build/platform/driver/src/stm32f4xx_dcmi.o
DCMI_SetEmbeddedSynchroCodes                      build/platform/driver/src/stm32f4xx_dcmi.o
DCMI_StructInit                                   build/platform/driver/src/stm32f4xx_dcmi.o
DMA1_Stream0_IRQHandler                           build/platform/cmsis/device/startup_stm32f40_41xxx.o
DMA1_Stream1_IRQHandler                           build/platform/cmsis/device/startup_stm32f40_41xxx.o
DMA1_Stream2_IRQHandler                           build/platform/cmsis/device/startup_stm32f40_41xxx.o
DMA1_Stream3_IRQHandler                           build/platform/cmsis/device/startup_stm32f40_41xxx.o
DMA1_Stream4_IRQHandler                           build/platform/cmsis/device/startup_stm32f40_41xxx.o
DMA1_Stream5_IRQHandler                           build/platform/cmsis/device/startup_stm32f40_41xxx.o
DMA1_Stream6_IRQHandler                           build/platform/cmsis/device/startup_stm32f40_41xxx.o
DMA1_Stream7_IRQHandler                           build/platform/cmsis/device/startup_stm32f40_41xxx.o
DMA2D_AbortTransfer                               build/platform/driver/src/stm32f4xx_dma2d.o
DMA2D_BGConfig                                    build/platform/driver/src/stm32f4xx_dma2d.o
DMA2D_BGStart                                     build/platform/driver/src/stm32f4xx_dma2d.o
DMA2D_BG_StructInit                               build/platform/driver/src/stm32f4xx_dma2d.o
DMA2D_ClearFlag                                   build/platform/driver/src/stm32f4xx_dma2d.o
DMA2D_ClearITPendingBit                           build/platform/driver/src/stm32f4xx_dma2d.o
DMA2D_DeInit                                      build/platform/driver/src/stm32f4xx_dma2d.o
DMA2D_DeadTimeConfig                              build/platform/driver/src/stm32f4xx_dma2d.o
DMA2D_FGConfig                                    build/platform/driver/src/stm32f4xx_dma2d.o
DMA2D_FGStart                                     build/platform/driver/src/stm32f4xx_dma2d.o
DMA2D_FG_StructInit                               build/platform/driver/src/stm32f4xx_dma2d.o
DMA2D_GetFlagStatus                               build/platform/driver/src/stm32f4xx_dma2d.o
DMA2D_GetITStatus                                 build/platform/driver/src/stm32f4xx_dma2d.o
DMA2D_ITConfig                                    build/platform/driver/src/stm32f4xx_dma2d.o
DMA2D_Init                                        build/platform/driver/src/stm32f4xx_dma2d.o
DMA2D_LineWatermarkConfig                         build/platform/driver/src/stm32f4xx_dma2d.o
DMA2D_StartTransfer                               build/platform/driver/src/stm32f4xx_dma2d.o
DMA2D_StructInit                                  build/platform/driver/src/stm32f4xx_dma2d.o
DMA2D_Suspend                                     build/platform/driver/src/stm32f4xx_dma2d.o
DMA2_Stream0_IRQHandler                           build/platform/cmsis/device/startup_stm32f40_41xxx.o
DMA2_Stream1_IRQHandler                           build/platform/cmsis/device/startup_stm32f40_41xxx.o
DMA2_Stream2_IRQHandler                           build/platform/cmsis/device/startup_stm32f40_41xxx.o
DMA2_Stream3_IRQHandler                           build/platform/cmsis/device/startup_stm32f40_41xxx.o
DMA2_Stream4_IRQHandler                           build/platform/cmsis/device/startup_stm32f40_41xxx.o
DMA2_Stream5_IRQHandler                           build/platform/cmsis/device/startup_stm32f40_41xxx.o
DMA2_Stream6_IRQHandler                           build/platform/cmsis/device/startup_stm32f40_41xxx.o
DMA2_Stream7_IRQHandler                           build/platform/cmsis/device/startup_stm32f40_41xxx.o
DMA_ClearFlag                                     build/platform/driver/src/stm32f4xx_dma.o
DMA_ClearITPendingBit                             build/platform/driver/src/stm32f4xx_dma.o
DMA_Cmd                                           build/platform/driver/src/stm32f4xx_dma.o
DMA_DeInit                                        build/platform/driver/src/stm32f4xx_dma.o
DMA_DoubleBufferModeCmd                           build/platform/driver/src/stm32f4xx_dma.o
DMA_DoubleBufferModeConfig                        build/platform/driver/src/stm32f4xx_dma.o
DMA_FlowControllerConfig                          build/platform/driver/src/stm32f4xx_dma.o
DMA_GetCmdStatus                                  build/platform/driver/src/stm32f4xx_dma.o
DMA_GetCurrDataCounter                            build/platform/driver/src/stm32f4xx_dma.o
DMA_GetCurrentMemoryTarget                        build/platform/driver/src/stm32f4xx_dma.o
DMA_GetFIFOStatus                                 build/platform/driver/src/stm32f4xx_dma.o
DMA_GetFlagStatus                                 build/platform/driver/src/stm32f4xx_dma.o
DMA_GetITStatus                                   build/platform/driver/src/stm32f4xx_dma.o
DMA_ITConfig                                      build/platform/driver/src/stm32f4xx_dma.o
DMA_Init                                          build/platform/driver/src/stm32f4xx_dma.o
DMA_MemoryTargetConfig                            build/platform/driver/src/stm32f4xx_dma.o
DMA_PeriphIncOffsetSizeConfig                     build/platform/driver/src/stm32f4xx_dma.o
DMA_SetCurrDataCounter                            build/platform/driver/src/stm32f4xx_dma.o
DMA_StructInit                                    build/platform/driver/src/stm32f4xx_dma.o
DebugMon_Handler                                  build/platform/cmsis/device/startup_stm32f40_41xxx.o
Default_Handler                                   build/platform/cmsis/device/startup_stm32f40_41xxx.o
ETH_IRQHandler                                    build/platform/cmsis/device/startup_stm32f40_41xxx.o
ETH_WKUP_IRQHandler                               build/platform/cmsis/device/startup_stm32f40_41xxx.o
EXTI0_IRQHandler                                  build/platform/cmsis/device/startup_stm32f40_41xxx.o
EXTI15_10_IRQHandler                              build/platform/cmsis/device/startup_stm32f40_41xxx.o
EXTI1_IRQHandler                                  build/platform/cmsis/device/startup_stm32f40_41xxx.o
EXTI2_IRQHandler                                  build/platform/cmsis/device/startup_stm32f40_41xxx.o
EXTI3_IRQHandler                                  build/platform/cmsis/device/startup_stm32f40_41xxx.o
EXTI4_IRQHandler                                  build/platform/cmsis/device/startup_stm32f40_41xxx.o
EXTI9_5_IRQHandler                                build/platform/cmsis/device/startup_stm32f40_41xxx.o
EXTI_ClearFlag                                    build/platform/driver/src/stm32f4xx_exti.o
EXTI_ClearITPendingBit                            build/platform/driver/src/stm32f4xx_exti.o
EXTI_DeInit                                       build/platform/driver/src/stm32f4xx_exti.o
EXTI_GenerateSWInterrupt                          build/platform/driver/src/stm32f4xx_exti.o
EXTI_GetFlagStatus                                build/platform/driver/src/stm32f4xx_exti.o
EXTI_GetITStatus                                  build/platform/driver/src/stm32f4xx_exti.o
EXTI_Init                                         build/platform/driver/src/stm32f4xx_exti.o
EXTI_StructInit                                   build/platform/driver/src/stm32f4xx_exti.o
FLASH_ClearFlag                                   build/platform/driver/src/stm32f4xx_flash.o
FLASH_DataCacheCmd                                build/platform/driver/src/stm32f4xx_flash.o
FLASH_DataCacheReset                              build/platform/driver/src/stm32f4xx_flash.o
FLASH_EraseAllBank1Sectors                        build/platform/driver/src/stm32f4xx_flash.o
FLASH_EraseAllBank2Sectors                        build/platform/driver/src/stm32f4xx_flash.o
FLASH_EraseAllSectors                             build/platform/driver/src/stm32f4xx_flash.o
FLASH_EraseSector                                 build/platform/driver/src/stm32f4xx_flash.o
FLASH_FlashInterfaceCmd                           build/platform/driver/src/stm32f4xx_flash_ramfunc.o
FLASH_FlashSleepModeCmd                           build/platform/driver/src/stm32f4xx_flash_ramfunc.o
FLASH_GetFlagStatus                               build/platform/driver/src/stm32f4xx_flash.o
FLASH_GetStatus                                   build/platform/driver/src/stm32f4xx_flash.o
FLASH_IRQHandler                                  build/platform/cmsis/device/startup_stm32f40_41xxx.o
FLASH_ITConfig                                    build/platform/driver/src/stm32f4xx_flash.o
FLASH_InstructionCacheCmd                         build/platform/driver/src/stm32f4xx_flash.o
FLASH_InstructionCacheReset                       build/platform/driver/src/stm32f4xx_flash.o
FLASH_Lock                                        build/platform/driver/src/stm32f4xx_flash.o
FLASH_OB_BORConfig                                build/platform/driver/src/stm32f4xx_flash.o
FLASH_OB_BootConfig                               build/platform/driver/src/stm32f4xx_flash.o
FLASH_OB_GetBOR                                   build/platform/driver/src/stm32f4xx_flash.o
FLASH_OB_GetPCROP                                 build/platform/driver/src/stm32f4xx_flash.o
FLASH_OB_GetPCROP1                                build/platform/driver/src/stm32f4xx_flash.o
FLASH_OB_GetRDP                                   build/platform/driver/src/stm32f4xx_flash.o
FLASH_OB_GetUser                                  build/platform/driver/src/stm32f4xx_flash.o
FLASH_OB_GetWRP                                   build/platform/driver/src/stm32f4xx_flash.o
FLASH_OB_GetWRP1                                  build/platform/driver/src/stm32f4xx_flash.o
FLASH_OB_Launch                                   build/platform/driver/src/stm32f4xx_flash.o
FLASH_OB_Lock                                     build/platform/driver/src/stm32f4xx_flash.o
FLASH_OB_PCROP1Config                             build/platform/driver/src/stm32f4xx_flash.o
FLASH_OB_PCROPConfig                              build/platform/driver/src/stm32f4xx_flash.o
FLASH_OB_PCROPSelectionConfig                     build/platform/driver/src/stm32f4xx_flash.o
FLASH_OB_RDPConfig                                build/platform/driver/src/stm32f4xx_flash.o
FLASH_OB_Unlock                                   build/platform/driver/src/stm32f4xx_flash.o
FLASH_OB_UserConfig                               build/platform/driver/src/stm32f4xx_flash.o
FLASH_OB_WRP1Config                               build/platform/driver/src/stm32f4xx_flash.o
FLASH_OB_WRPConfig                                build/platform/driver/src/stm32f4xx_flash.o
FLASH_PrefetchBufferCmd                           build/platform/driver/src/stm32f4xx_flash.o
FLASH_ProgramByte                                 build/platform/driver/src/stm32f4xx_flash.o
FLASH_ProgramDoubleWord                           build/platform/driver/src/stm32f4xx_flash.o
FLASH_ProgramHalfWord                             build/platform/driver/src/stm32f4xx_flash.o
FLASH_ProgramWord                                 build/platform/driver/src/stm32f4xx_flash.o
FLASH_SetLatency                                  build/platform/driver/src/stm32f4xx_flash.o
FLASH_Unlock                                      build/platform/driver/src/stm32f4xx_flash.o
FLASH_WaitForLastOperation                        build/platform/driver/src/stm32f4xx_flash.o
FPU_IRQHandler                                    build/platform/cmsis/device/startup_stm32f40_41xxx.o
FSMC_ClearFlag                                    build/platform/driver/src/stm32f4xx_fsmc.o
FSMC_ClearITPendingBit                            build/platform/driver/src/stm32f4xx_fsmc.o
FSMC_DefaultTimingStruct                          build/platform/driver/src/stm32f4xx_fsmc.o
FSMC_GetECC                                       build/platform/driver/src/stm32f4xx_fsmc.o
FSMC_GetFlagStatus                                build/platform/driver/src/stm32f4xx_fsmc.o
FSMC_GetITStatus                                  build/platform/driver/src/stm32f4xx_fsmc.o
FSMC_IRQHandler                                   build/platform/cmsis/device/startup_stm32f40_41xxx.o
FSMC_ITConfig                                     build/platform/driver/src/stm32f4xx_fsmc.o
FSMC_NANDCmd                                      build/platform/driver/src/stm32f4xx_fsmc.o
FSMC_NANDDeInit                                   build/platform/driver/src/stm32f4xx_fsmc.o
FSMC_NANDECCCmd                                   build/platform/driver/src/stm32f4xx_fsmc.o
FSMC_NANDInit                                     build/platform/driver/src/stm32f4xx_fsmc.o
FSMC_NANDStructInit                               build/platform/driver/src/stm32f4xx_fsmc.o
FSMC_NORSRAMCmd                                   build/platform/driver/src/stm32f4xx_fsmc.o
FSMC_NORSRAMDeInit                                build/platform/driver/src/stm32f4xx_fsmc.o
FSMC_NORSRAMInit                                  build/platform/driver/src/stm32f4xx_fsmc.o
FSMC_NORSRAMStructInit                            build/platform/driver/src/stm32f4xx_fsmc.o
FSMC_PCCARDCmd                                    build/platform/driver/src/stm32f4xx_fsmc.o
FSMC_PCCARDDeInit                                 build/platform/driver/src/stm32f4xx_fsmc.o
FSMC_PCCARDInit                                   build/platform/driver/src/stm32f4xx_fsmc.o
FSMC_PCCARDStructInit                             build/platform/driver/src/stm32f4xx_fsmc.o
GPIO_DeInit                                       build/platform/driver/src/stm32f4xx_gpio.o
GPIO_Init                                         build/platform/driver/src/stm32f4xx_gpio.o
GPIO_PinAFConfig                                  build/platform/driver/src/stm32f4xx_gpio.o
GPIO_PinLockConfig                                build/platform/driver/src/stm32f4xx_gpio.o
GPIO_ReadInputData                                build/platform/driver/src/stm32f4xx_gpio.o
GPIO_ReadInputDataBit                             build/platform/driver/src/stm32f4xx_gpio.o
GPIO_ReadOutputData                               build/platform/driver/src/stm32f4xx_gpio.o
GPIO_ReadOutputDataBit                            build/platform/driver/src/stm32f4xx_gpio.o
GPIO_ResetBits                                    build/platform/driver/src/stm32f4xx_gpio.o
GPIO_SetBits                                      build/platform/driver/src/stm32f4xx_gpio.o
GPIO_StructInit                                   build/platform/driver/src/stm32f4xx_gpio.o
GPIO_ToggleBits                                   build/platform/driver/src/stm32f4xx_gpio.o
GPIO_Write                                        build/platform/driver/src/stm32f4xx_gpio.o
GPIO_WriteBit                                     build/platform/driver/src/stm32f4xx_gpio.o
HASH_AutoStartDigest                              build/platform/driver/src/stm32f4xx_hash.o
HASH_ClearFlag                                    build/platform/driver/src/stm32f4xx_hash.o
HASH_ClearITPendingBit                            build/platform/driver/src/stm32f4xx_hash.o
HASH_DMACmd                                       build/platform/driver/src/stm32f4xx_hash.o
HASH_DataIn                                       build/platform/driver/src/stm32f4xx_hash.o
                                                  build/platform/driver/src/stm32f4xx_hash_md5.o
                                                  build/platform/driver/src/stm32f4xx_hash_sha1.o
HASH_DeInit                                       build/platform/driver/src/stm32f4xx_hash.o
                                                  build/platform/driver/src/stm32f4xx_hash_md5.o
                                                  build/platform/driver/src/stm32f4xx_hash_sha1.o
HASH_GetDigest                                    build/platform/driver/src/stm32f4xx_hash.o
                                                  build/platform/driver/src/stm32f4xx_hash_md5.o
                                                  build/platform/driver/src/stm32f4xx_hash_sha1.o
HASH_GetFlagStatus                                build/platform/driver/src/stm32f4xx_hash.o
                                                  build/platform/driver/src/stm32f4xx_hash_md5.o
                                                  build/platform/driver/src/stm32f4xx_hash_sha1.o
HASH_GetITStatus                                  build/platform/driver/src/stm32f4xx_hash.o
HASH_GetInFIFOWordsNbr                            build/platform/driver/src/stm32f4xx_hash.o
HASH_ITConfig                                     build/platform/driver/src/stm32f4xx_hash.o
HASH_Init                                         build/platform/driver/src/stm32f4xx_hash.o
                                                  build/platform/driver/src/stm32f4xx_hash_md5.o
                                                  build/platform/driver/src/stm32f4xx_hash_sha1.o
HASH_MD5                                          build/platform/driver/src/stm32f4xx_hash_md5.o
HASH_RNG_IRQHandler                               build/platform/cmsis/device/startup_stm32f40_41xxx.o
HASH_Reset                                        build/platform/driver/src/stm32f4xx_hash.o
HASH_RestoreContext                               build/platform/driver/src/stm32f4xx_hash.o
HASH_SHA1                                         build/platform/driver/src/stm32f4xx_hash_sha1.o
HASH_SaveContext                                  build/platform/driver/src/stm32f4xx_hash.o
HASH_SetLastWordValidBitsNbr                      build/platform/driver/src/stm32f4xx_hash.o
                                                  build/platform/driver/src/stm32f4xx_hash_md5.o
                                                  build/platform/driver/src/stm32f4xx_hash_sha1.o
HASH_StartDigest                                  build/platform/driver/src/stm32f4xx_hash.o
                                                  build/platform/driver/src/stm32f4xx_hash_md5.o
                                                  build/platform/driver/src/stm32f4xx_hash_sha1.o
HASH_StructInit                                   build/platform/driver/src/stm32f4xx_hash.o
HMAC_MD5                                          build/platform/driver/src/stm32f4xx_hash_md5.o
HMAC_SHA1                                         build/platform/driver/src/stm32f4xx_hash_sha1.o
HardFault_Handler                                 build/platform/cmsis/device/startup_stm32f40_41xxx.o
I2C1_ER_IRQHandler                                build/platform/cmsis/device/startup_stm32f40_41xxx.o
I2C1_EV_IRQHandler                                build/platform/cmsis/device/startup_stm32f40_41xxx.o
I2C2_ER_IRQHandler                                build/platform/cmsis/device/startup_stm32f40_41xxx.o
I2C2_EV_IRQHandler                                build/platform/cmsis/device/startup_stm32f40_41xxx.o
I2C3_ER_IRQHandler                                build/platform/cmsis/device/startup_stm32f40_41xxx.o
I2C3_EV_IRQHandler                                build/platform/cmsis/device/startup_stm32f40_41xxx.o
I2C_ARPCmd                                        build/platform/driver/src/stm32f4xx_i2c.o
I2C_AcknowledgeConfig                             build/platform/driver/src/stm32f4xx_i2c.o
I2C_AnalogFilterCmd                               build/platform/driver/src/stm32f4xx_i2c.o
I2C_CalculatePEC                                  build/platform/driver/src/stm32f4xx_i2c.o
I2C_CheckEvent                                    build/platform/driver/src/stm32f4xx_i2c.o
I2C_ClearFlag                                     build/platform/driver/src/stm32f4xx_i2c.o
I2C_ClearITPendingBit                             build/platform/driver/src/stm32f4xx_i2c.o
I2C_Cmd                                           build/platform/driver/src/stm32f4xx_i2c.o
I2C_DMACmd                                        build/platform/driver/src/stm32f4xx_i2c.o
I2C_DMALastTransferCmd                            build/platform/driver/src/stm32f4xx_i2c.o
I2C_DeInit                                        build/platform/driver/src/stm32f4xx_i2c.o
I2C_DigitalFilterConfig                           build/platform/driver/src/stm32f4xx_i2c.o
I2C_DualAddressCmd                                build/platform/driver/src/stm32f4xx_i2c.o
I2C_FastModeDutyCycleConfig                       build/platform/driver/src/stm32f4xx_i2c.o
I2C_GeneralCallCmd                                build/platform/driver/src/stm32f4xx_i2c.o
I2C_GenerateSTART                                 build/platform/driver/src/stm32f4xx_i2c.o
I2C_GenerateSTOP                                  build/platform/driver/src/stm32f4xx_i2c.o
I2C_GetFlagStatus                                 build/platform/driver/src/stm32f4xx_i2c.o
I2C_GetITStatus                                   build/platform/driver/src/stm32f4xx_i2c.o
I2C_GetLastEvent                                  build/platform/driver/src/stm32f4xx_i2c.o
I2C_GetPEC                                        build/platform/driver/src/stm32f4xx_i2c.o
I2C_ITConfig                                      build/platform/driver/src/stm32f4xx_i2c.o
I2C_Init                                          build/platform/driver/src/stm32f4xx_i2c.o
I2C_NACKPositionConfig                            build/platform/driver/src/stm32f4xx_i2c.o
I2C_OwnAddress2Config                             build/platform/driver/src/stm32f4xx_i2c.o
I2C_PECPositionConfig                             build/platform/driver/src/stm32f4xx_i2c.o
I2C_ReadRegister                                  build/platform/driver/src/stm32f4xx_i2c.o
I2C_ReceiveData                                   build/platform/driver/src/stm32f4xx_i2c.o
I2C_SMBusAlertConfig                              build/platform/driver/src/stm32f4xx_i2c.o
I2C_Send7bitAddress                               build/platform/driver/src/stm32f4xx_i2c.o
I2C_SendData                                      build/platform/driver/src/stm32f4xx_i2c.o
I2C_SoftwareResetCmd                              build/platform/driver/src/stm32f4xx_i2c.o
I2C_StretchClockCmd                               build/platform/driver/src/stm32f4xx_i2c.o
I2C_StructInit                                    build/platform/driver/src/stm32f4xx_i2c.o
I2C_TransmitPEC                                   build/platform/driver/src/stm32f4xx_i2c.o
I2S_Cmd                                           build/platform/driver/src/stm32f4xx_spi.o
I2S_FullDuplexConfig                              build/platform/driver/src/stm32f4xx_spi.o
I2S_Init                                          build/platform/driver/src/stm32f4xx_spi.o
I2S_StructInit                                    build/platform/driver/src/stm32f4xx_spi.o
IWDG_Enable                                       build/platform/driver/src/stm32f4xx_iwdg.o
IWDG_GetFlagStatus                                build/platform/driver/src/stm32f4xx_iwdg.o
IWDG_ReloadCounter                                build/platform/driver/src/stm32f4xx_iwdg.o
IWDG_SetPrescaler                                 build/platform/driver/src/stm32f4xx_iwdg.o
IWDG_SetReload                                    build/platform/driver/src/stm32f4xx_iwdg.o
IWDG_WriteAccessCmd                               build/platform/driver/src/stm32f4xx_iwdg.o
LTDC_CLUTCmd                                      build/platform/driver/src/stm32f4xx_ltdc.o
LTDC_CLUTInit                                     build/platform/driver/src/stm32f4xx_ltdc.o
LTDC_CLUTStructInit                               build/platform/driver/src/stm32f4xx_ltdc.o
LTDC_ClearFlag                                    build/platform/driver/src/stm32f4xx_ltdc.o
LTDC_ClearITPendingBit                            build/platform/driver/src/stm32f4xx_ltdc.o
LTDC_Cmd                                          build/platform/driver/src/stm32f4xx_ltdc.o
LTDC_ColorKeyingConfig                            build/platform/driver/src/stm32f4xx_ltdc.o
LTDC_ColorKeyingStructInit                        build/platform/driver/src/stm32f4xx_ltdc.o
LTDC_DeInit                                       build/platform/driver/src/stm32f4xx_ltdc.o
LTDC_DitherCmd                                    build/platform/driver/src/stm32f4xx_ltdc.o
LTDC_GetCDStatus                                  build/platform/driver/src/stm32f4xx_ltdc.o
LTDC_GetFlagStatus                                build/platform/driver/src/stm32f4xx_ltdc.o
LTDC_GetITStatus                                  build/platform/driver/src/stm32f4xx_ltdc.o
LTDC_GetPosStatus                                 build/platform/driver/src/stm32f4xx_ltdc.o
LTDC_GetRGBWidth                                  build/platform/driver/src/stm32f4xx_ltdc.o
LTDC_ITConfig                                     build/platform/driver/src/stm32f4xx_ltdc.o
LTDC_Init                                         build/platform/driver/src/stm32f4xx_ltdc.o
LTDC_LIPConfig                                    build/platform/driver/src/stm32f4xx_ltdc.o
LTDC_LayerAddress                                 build/platform/driver/src/stm32f4xx_ltdc.o
LTDC_LayerAlpha                                   build/platform/driver/src/stm32f4xx_ltdc.o
LTDC_LayerCmd                                     build/platform/driver/src/stm32f4xx_ltdc.o
LTDC_LayerInit                                    build/platform/driver/src/stm32f4xx_ltdc.o
LTDC_LayerPixelFormat                             build/platform/driver/src/stm32f4xx_ltdc.o
LTDC_LayerPosition                                build/platform/driver/src/stm32f4xx_ltdc.o
LTDC_LayerSize                                    build/platform/driver/src/stm32f4xx_ltdc.o
LTDC_LayerStructInit                              build/platform/driver/src/stm32f4xx_ltdc.o
LTDC_PosStructInit                                build/platform/driver/src/stm32f4xx_ltdc.o
LTDC_RGBStructInit                                build/platform/driver/src/stm32f4xx_ltdc.o
LTDC_ReloadConfig                                 build/platform/driver/src/stm32f4xx_ltdc.o
LTDC_StructInit                                   build/platform/driver/src/stm32f4xx_ltdc.o
MemManage_Handler                                 build/platform/cmsis/device/startup_stm32f40_41xxx.o
NMI_Handler                                       build/platform/cmsis/device/startup_stm32f40_41xxx.o
NVIC_Init                                         build/platform/driver/src/misc.o
NVIC_PriorityGroupConfig                          build/platform/driver/src/misc.o
NVIC_SetVectorTable                               build/platform/driver/src/misc.o
NVIC_SystemLPConfig                               build/platform/driver/src/misc.o
OTG_FS_IRQHandler                                 build/platform/cmsis/device/startup_stm32f40_41xxx.o
OTG_FS_WKUP_IRQHandler                            build/platform/cmsis/device/startup_stm32f40_41xxx.o
OTG_HS_EP1_IN_IRQHandler                          build/platform/cmsis/device/startup_stm32f40_41xxx.o
OTG_HS_EP1_OUT_IRQHandler                         build/platform/cmsis/device/startup_stm32f40_41xxx.o
OTG_HS_IRQHandler                                 build/platform/cmsis/device/startup_stm32f40_41xxx.o
OTG_HS_WKUP_IRQHandler                            build/platform/cmsis/device/startup_stm32f40_41xxx.o
PVD_IRQHandler                                    build/platform/cmsis/device/startup_stm32f40_41xxx.o
PWR_BackupAccessCmd                               build/platform/driver/src/stm32f4xx_pwr.o
PWR_BackupRegulatorCmd                            build/platform/driver/src/stm32f4xx_pwr.o
PWR_ClearFlag                                     build/platform/driver/src/stm32f4xx_pwr.o
PWR_DeInit                                        build/platform/driver/src/stm32f4xx_pwr.o
PWR_EnterSTANDBYMode                              build/platform/driver/src/stm32f4xx_pwr.o
PWR_EnterSTOPMode                                 build/platform/driver/src/stm32f4xx_pwr.o
PWR_EnterUnderDriveSTOPMode                       build/platform/driver/src/stm32f4xx_pwr.o
PWR_FlashPowerDownCmd                             build/platform/driver/src/stm32f4xx_pwr.o
PWR_GetFlagStatus                                 build/platform/driver/src/stm32f4xx_pwr.o
PWR_MainRegulatorModeConfig                       build/platform/driver/src/stm32f4xx_pwr.o
PWR_OverDriveCmd                                  build/platform/driver/src/stm32f4xx_pwr.o
PWR_OverDriveSWCmd                                build/platform/driver/src/stm32f4xx_pwr.o
PWR_PVDCmd                                        build/platform/driver/src/stm32f4xx_pwr.o
PWR_PVDLevelConfig                                build/platform/driver/src/stm32f4xx_pwr.o
PWR_UnderDriveCmd                                 build/platform/driver/src/stm32f4xx_pwr.o
PWR_WakeUpPinCmd                                  build/platform/driver/src/stm32f4xx_pwr.o
PendSV_Handler                                    build/platform/cmsis/device/startup_stm32f40_41xxx.o
RCC_AHB1PeriphClockCmd                            build/platform/driver/src/stm32f4xx_rcc.o
RCC_AHB1PeriphClockLPModeCmd                      build/platform/driver/src/stm32f4xx_rcc.o
RCC_AHB1PeriphResetCmd                            build/platform/driver/src/stm32f4xx_rcc.o
                                                  build/platform/driver/src/stm32f4xx_dma2d.o
                                                  build/platform/driver/src/stm32f4xx_gpio.o
RCC_AHB2PeriphClockCmd                            build/platform/driver/src/stm32f4xx_rcc.o
RCC_AHB2PeriphClockLPModeCmd                      build/platform/driver/src/stm32f4xx_rcc.o
RCC_AHB2PeriphResetCmd                            build/platform/driver/src/stm32f4xx_rcc.o
                                                  build/platform/driver/src/stm32f4xx_hash.o
                                                  build/platform/driver/src/stm32f4xx_cryp.o
                                                  build/platform/driver/src/stm32f4xx_rng.o
RCC_AHB3PeriphClockCmd                            build/platform/driver/src/stm32f4xx_rcc.o
RCC_AHB3PeriphClockLPModeCmd                      build/platform/driver/src/stm32f4xx_rcc.o
RCC_AHB3PeriphResetCmd                            build/platform/driver/src/stm32f4xx_rcc.o
RCC_APB1PeriphClockCmd                            build/platform/driver/src/stm32f4xx_rcc.o
RCC_APB1PeriphClockLPModeCmd                      build/platform/driver/src/stm32f4xx_rcc.o
RCC_APB1PeriphResetCmd                            build/platform/driver/src/stm32f4xx_rcc.o
                                                  build/platform/driver/src/stm32f4xx_wwdg.o
                                                  build/platform/driver/src/stm32f4xx_pwr.o
                                                  build/platform/driver/src/stm32f4xx_spi.o
                                                  build/platform/driver/src/stm32f4xx_usart.o
                                                  build/platform/driver/src/stm32f4xx_i2c.o
                                                  build/platform/driver/src/stm32f4xx_can.o
                                                  build/platform/driver/src/stm32f4xx_tim.o
                                                  build/platform/driver/src/stm32f4xx_dac.o
RCC_APB2PeriphClockCmd                            build/platform/driver/src/stm32f4xx_rcc.o
RCC_APB2PeriphClockLPModeCmd                      build/platform/driver/src/stm32f4xx_rcc.o
RCC_APB2PeriphResetCmd                            build/platform/driver/src/stm32f4xx_rcc.o
                                                  build/platform/driver/src/stm32f4xx_sai.o
                                                  build/platform/driver/src/stm32f4xx_sdio.o
                                                  build/platform/driver/src/stm32f4xx_syscfg.o
                                                  build/platform/driver/src/stm32f4xx_adc.o
                                                  build/platform/driver/src/stm32f4xx_spi.o
                                                  build/platform/driver/src/stm32f4xx_usart.o
                                                  build/platform/driver/src/stm32f4xx_tim.o
                                                  build/platform/driver/src/stm32f4xx_ltdc.o
RCC_AdjustHSICalibrationValue                     build/platform/driver/src/stm32f4xx_rcc.o
RCC_BackupResetCmd                                build/platform/driver/src/stm32f4xx_rcc.o
RCC_ClearFlag                                     build/platform/driver/src/stm32f4xx_rcc.o
RCC_ClearITPendingBit                             build/platform/driver/src/stm32f4xx_rcc.o
RCC_ClockSecuritySystemCmd                        build/platform/driver/src/stm32f4xx_rcc.o
RCC_DeInit                                        build/platform/driver/src/stm32f4xx_rcc.o
RCC_GetClocksFreq                                 build/platform/driver/src/stm32f4xx_rcc.o
                                                  build/platform/driver/src/stm32f4xx_usart.o
                                                  build/platform/driver/src/stm32f4xx_i2c.o
RCC_GetFlagStatus                                 build/platform/driver/src/stm32f4xx_rcc.o
RCC_GetITStatus                                   build/platform/driver/src/stm32f4xx_rcc.o
RCC_GetSYSCLKSource                               build/platform/driver/src/stm32f4xx_rcc.o
RCC_HCLKConfig                                    build/platform/driver/src/stm32f4xx_rcc.o
RCC_HSEConfig                                     build/platform/driver/src/stm32f4xx_rcc.o
RCC_HSICmd                                        build/platform/driver/src/stm32f4xx_rcc.o
RCC_I2SCLKConfig                                  build/platform/driver/src/stm32f4xx_rcc.o
RCC_IRQHandler                                    build/platform/cmsis/device/startup_stm32f40_41xxx.o
RCC_ITConfig                                      build/platform/driver/src/stm32f4xx_rcc.o
RCC_LSEConfig                                     build/platform/driver/src/stm32f4xx_rcc.o
RCC_LSEModeConfig                                 build/platform/driver/src/stm32f4xx_rcc.o
RCC_LSICmd                                        build/platform/driver/src/stm32f4xx_rcc.o
RCC_LTDCCLKDivConfig                              build/platform/driver/src/stm32f4xx_rcc.o
RCC_MCO1Config                                    build/platform/driver/src/stm32f4xx_rcc.o
RCC_MCO2Config                                    build/platform/driver/src/stm32f4xx_rcc.o
RCC_PCLK1Config                                   build/platform/driver/src/stm32f4xx_rcc.o
RCC_PCLK2Config                                   build/platform/driver/src/stm32f4xx_rcc.o
RCC_PLLCmd                                        build/platform/driver/src/stm32f4xx_rcc.o
RCC_PLLConfig                                     build/platform/driver/src/stm32f4xx_rcc.o
RCC_PLLI2SCmd                                     build/platform/driver/src/stm32f4xx_rcc.o
RCC_PLLI2SConfig                                  build/platform/driver/src/stm32f4xx_rcc.o
RCC_PLLSAICmd                                     build/platform/driver/src/stm32f4xx_rcc.o
RCC_PLLSAIConfig                                  build/platform/driver/src/stm32f4xx_rcc.o
RCC_RTCCLKCmd                                     build/platform/driver/src/stm32f4xx_rcc.o
RCC_RTCCLKConfig                                  build/platform/driver/src/stm32f4xx_rcc.o
RCC_SAIBlockACLKConfig                            build/platform/driver/src/stm32f4xx_rcc.o
RCC_SAIBlockBCLKConfig                            build/platform/driver/src/stm32f4xx_rcc.o
RCC_SAIPLLI2SClkDivConfig                         build/platform/driver/src/stm32f4xx_rcc.o
RCC_SAIPLLSAIClkDivConfig                         build/platform/driver/src/stm32f4xx_rcc.o
RCC_SYSCLKConfig                                  build/platform/driver/src/stm32f4xx_rcc.o
RCC_TIMCLKPresConfig                              build/platform/driver/src/stm32f4xx_rcc.o
RCC_WaitForHSEStartUp                             build/platform/driver/src/stm32f4xx_rcc.o
RNG_ClearFlag                                     build/platform/driver/src/stm32f4xx_rng.o
RNG_ClearITPendingBit                             build/platform/driver/src/stm32f4xx_rng.o
RNG_Cmd                                           build/platform/driver/src/stm32f4xx_rng.o
RNG_DeInit                                        build/platform/driver/src/stm32f4xx_rng.o
RNG_GetFlagStatus                                 build/platform/driver/src/stm32f4xx_rng.o
RNG_GetITStatus                                   build/platform/driver/src/stm32f4xx_rng.o
RNG_GetRandomNumber                               build/platform/driver/src/stm32f4xx_rng.o
RNG_ITConfig                                      build/platform/driver/src/stm32f4xx_rng.o
RTC_AlarmCmd                                      build/platform/driver/src/stm32f4xx_rtc.o
RTC_AlarmStructInit                               build/platform/driver/src/stm32f4xx_rtc.o
RTC_AlarmSubSecondConfig                          build/platform/driver/src/stm32f4xx_rtc.o
RTC_Alarm_IRQHandler                              build/platform/cmsis/device/startup_stm32f40_41xxx.o
RTC_BypassShadowCmd                               build/platform/driver/src/stm32f4xx_rtc.o
RTC_CalibOutputCmd                                build/platform/driver/src/stm32f4xx_rtc.o
RTC_CalibOutputConfig                             build/platform/driver/src/stm32f4xx_rtc.o
RTC_ClearFlag                                     build/platform/driver/src/stm32f4xx_rtc.o
RTC_ClearITPendingBit                             build/platform/driver/src/stm32f4xx_rtc.o
RTC_CoarseCalibCmd                                build/platform/driver/src/stm32f4xx_rtc.o
RTC_CoarseCalibConfig                             build/platform/driver/src/stm32f4xx_rtc.o
RTC_DateStructInit                                build/platform/driver/src/stm32f4xx_rtc.o
RTC_DayLightSavingConfig                          build/platform/driver/src/stm32f4xx_rtc.o
RTC_DeInit                                        build/platform/driver/src/stm32f4xx_rtc.o
RTC_EnterInitMode                                 build/platform/driver/src/stm32f4xx_rtc.o
RTC_ExitInitMode                                  build/platform/driver/src/stm32f4xx_rtc.o
RTC_GetAlarm                                      build/platform/driver/src/stm32f4xx_rtc.o
RTC_GetAlarmSubSecond                             build/platform/driver/src/stm32f4xx_rtc.o
RTC_GetDate                                       build/platform/driver/src/stm32f4xx_rtc.o
RTC_GetFlagStatus                                 build/platform/driver/src/stm32f4xx_rtc.o
RTC_GetITStatus                                   build/platform/driver/src/stm32f4xx_rtc.o
RTC_GetStoreOperation                             build/platform/driver/src/stm32f4xx_rtc.o
RTC_GetSubSecond                                  build/platform/driver/src/stm32f4xx_rtc.o
RTC_GetTime                                       build/platform/driver/src/stm32f4xx_rtc.o
RTC_GetTimeStamp                                  build/platform/driver/src/stm32f4xx_rtc.o
RTC_GetTimeStampSubSecond                         build/platform/driver/src/stm32f4xx_rtc.o
RTC_GetWakeUpCounter                              build/platform/driver/src/stm32f4xx_rtc.o
RTC_ITConfig                                      build/platform/driver/src/stm32f4xx_rtc.o
RTC_Init                                          build/platform/driver/src/stm32f4xx_rtc.o
RTC_OutputConfig                                  build/platform/driver/src/stm32f4xx_rtc.o
RTC_OutputTypeConfig                              build/platform/driver/src/stm32f4xx_rtc.o
RTC_ReadBackupRegister                            build/platform/driver/src/stm32f4xx_rtc.o
RTC_RefClockCmd                                   build/platform/driver/src/stm32f4xx_rtc.o
RTC_SetAlarm                                      build/platform/driver/src/stm32f4xx_rtc.o
RTC_SetDate                                       build/platform/driver/src/stm32f4xx_rtc.o
RTC_SetTime                                       build/platform/driver/src/stm32f4xx_rtc.o
RTC_SetWakeUpCounter                              build/platform/driver/src/stm32f4xx_rtc.o
RTC_SmoothCalibConfig                             build/platform/driver/src/stm32f4xx_rtc.o
RTC_StructInit                                    build/platform/driver/src/stm32f4xx_rtc.o
RTC_SynchroShiftConfig                            build/platform/driver/src/stm32f4xx_rtc.o
RTC_TamperCmd                                     build/platform/driver/src/stm32f4xx_rtc.o
RTC_TamperFilterConfig                            build/platform/driver/src/stm32f4xx_rtc.o
RTC_TamperPinSelection                            build/platform/driver/src/stm32f4xx_rtc.o
RTC_TamperPinsPrechargeDuration                   build/platform/driver/src/stm32f4xx_rtc.o
RTC_TamperPullUpCmd                               build/platform/driver/src/stm32f4xx_rtc.o
RTC_TamperSamplingFreqConfig                      build/platform/driver/src/stm32f4xx_rtc.o
RTC_TamperTriggerConfig                           build/platform/driver/src/stm32f4xx_rtc.o
RTC_TimeStampCmd                                  build/platform/driver/src/stm32f4xx_rtc.o
RTC_TimeStampOnTamperDetectionCmd                 build/platform/driver/src/stm32f4xx_rtc.o
RTC_TimeStampPinSelection                         build/platform/driver/src/stm32f4xx_rtc.o
RTC_TimeStructInit                                build/platform/driver/src/stm32f4xx_rtc.o
RTC_WKUP_IRQHandler                               build/platform/cmsis/device/startup_stm32f40_41xxx.o
RTC_WaitForSynchro                                build/platform/driver/src/stm32f4xx_rtc.o
RTC_WakeUpClockConfig                             build/platform/driver/src/stm32f4xx_rtc.o
RTC_WakeUpCmd                                     build/platform/driver/src/stm32f4xx_rtc.o
RTC_WriteBackupRegister                           build/platform/driver/src/stm32f4xx_rtc.o
RTC_WriteProtectionCmd                            build/platform/driver/src/stm32f4xx_rtc.o
Reset_Handler                                     build/platform/cmsis/device/startup_stm32f40_41xxx.o
SAI_ClearFlag                                     build/platform/driver/src/stm32f4xx_sai.o
SAI_ClearITPendingBit                             build/platform/driver/src/stm32f4xx_sai.o
SAI_Cmd                                           build/platform/driver/src/stm32f4xx_sai.o
SAI_CompandingModeConfig                          build/platform/driver/src/stm32f4xx_sai.o
SAI_DMACmd                                        build/platform/driver/src/stm32f4xx_sai.o
SAI_DeInit                                        build/platform/driver/src/stm32f4xx_sai.o
SAI_FlushFIFO                                     build/platform/driver/src/stm32f4xx_sai.o
SAI_FrameInit                                     build/platform/driver/src/stm32f4xx_sai.o
SAI_FrameStructInit                               build/platform/driver/src/stm32f4xx_sai.o
SAI_GetCmdStatus                                  build/platform/driver/src/stm32f4xx_sai.o
SAI_GetFIFOStatus                                 build/platform/driver/src/stm32f4xx_sai.o
SAI_GetFlagStatus                                 build/platform/driver/src/stm32f4xx_sai.o
SAI_GetITStatus                                   build/platform/driver/src/stm32f4xx_sai.o
SAI_ITConfig                                      build/platform/driver/src/stm32f4xx_sai.o
SAI_Init                                          build/platform/driver/src/stm32f4xx_sai.o
SAI_MonoModeConfig                                build/platform/driver/src/stm32f4xx_sai.o
SAI_MuteFrameCounterConfig                        build/platform/driver/src/stm32f4xx_sai.o
SAI_MuteModeCmd                                   build/platform/driver/src/stm32f4xx_sai.o
SAI_MuteValueConfig                               build/platform/driver/src/stm32f4xx_sai.o
SAI_ReceiveData                                   build/platform/driver/src/stm32f4xx_sai.o
SAI_SendData                                      build/platform/driver/src/stm32f4xx_sai.o
SAI_SlotInit                                      build/platform/driver/src/stm32f4xx_sai.o
SAI_SlotStructInit                                build/platform/driver/src/stm32f4xx_sai.o
SAI_StructInit                                    build/platform/driver/src/stm32f4xx_sai.o
SAI_TRIStateConfig                                build/platform/driver/src/stm32f4xx_sai.o
SDIO_CEATAITCmd                                   build/platform/driver/src/stm32f4xx_sdio.o
SDIO_ClearFlag                                    build/platform/driver/src/stm32f4xx_sdio.o
SDIO_ClearITPendingBit                            build/platform/driver/src/stm32f4xx_sdio.o
SDIO_ClockCmd                                     build/platform/driver/src/stm32f4xx_sdio.o
SDIO_CmdStructInit                                build/platform/driver/src/stm32f4xx_sdio.o
SDIO_CommandCompletionCmd                         build/platform/driver/src/stm32f4xx_sdio.o
SDIO_DMACmd                                       build/platform/driver/src/stm32f4xx_sdio.o
SDIO_DataConfig                                   build/platform/driver/src/stm32f4xx_sdio.o
SDIO_DataStructInit                               build/platform/driver/src/stm32f4xx_sdio.o
SDIO_DeInit                                       build/platform/driver/src/stm32f4xx_sdio.o
SDIO_GetCommandResponse                           build/platform/driver/src/stm32f4xx_sdio.o
SDIO_GetDataCounter                               build/platform/driver/src/stm32f4xx_sdio.o
SDIO_GetFIFOCount                                 build/platform/driver/src/stm32f4xx_sdio.o
SDIO_GetFlagStatus                                build/platform/driver/src/stm32f4xx_sdio.o
SDIO_GetITStatus                                  build/platform/driver/src/stm32f4xx_sdio.o
SDIO_GetPowerState                                build/platform/driver/src/stm32f4xx_sdio.o
SDIO_GetResponse                                  build/platform/driver/src/stm32f4xx_sdio.o
SDIO_IRQHandler                                   build/platform/cmsis/device/startup_stm32f40_41xxx.o
SDIO_ITConfig                                     build/platform/driver/src/stm32f4xx_sdio.o
SDIO_Init                                         build/platform/driver/src/stm32f4xx_sdio.o
SDIO_ReadData                                     build/platform/driver/src/stm32f4xx_sdio.o
SDIO_SendCEATACmd                                 build/platform/driver/src/stm32f4xx_sdio.o
SDIO_SendCommand                                  build/platform/driver/src/stm32f4xx_sdio.o
SDIO_SendSDIOSuspendCmd                           build/platform/driver/src/stm32f4xx_sdio.o
SDIO_SetPowerState                                build/platform/driver/src/stm32f4xx_sdio.o
SDIO_SetSDIOOperation                             build/platform/driver/src/stm32f4xx_sdio.o
SDIO_SetSDIOReadWaitMode                          build/platform/driver/src/stm32f4xx_sdio.o
SDIO_StartSDIOReadWait                            build/platform/driver/src/stm32f4xx_sdio.o
SDIO_StopSDIOReadWait                             build/platform/driver/src/stm32f4xx_sdio.o
SDIO_StructInit                                   build/platform/driver/src/stm32f4xx_sdio.o
SDIO_WriteData                                    build/platform/driver/src/stm32f4xx_sdio.o
SPI1_IRQHandler                                   build/platform/cmsis/device/startup_stm32f40_41xxx.o
SPI2_IRQHandler                                   build/platform/cmsis/device/startup_stm32f40_41xxx.o
SPI3_IRQHandler                                   build/platform/cmsis/device/startup_stm32f40_41xxx.o
SPI_BiDirectionalLineConfig                       build/platform/driver/src/stm32f4xx_spi.o
SPI_CalculateCRC                                  build/platform/driver/src/stm32f4xx_spi.o
SPI_Cmd                                           build/platform/driver/src/stm32f4xx_spi.o
SPI_DataSizeConfig                                build/platform/driver/src/stm32f4xx_spi.o
SPI_GetCRC                                        build/platform/driver/src/stm32f4xx_spi.o
SPI_GetCRCPolynomial                              build/platform/driver/src/stm32f4xx_spi.o
SPI_I2S_ClearFlag                                 build/platform/driver/src/stm32f4xx_spi.o
SPI_I2S_ClearITPendingBit                         build/platform/driver/src/stm32f4xx_spi.o
SPI_I2S_DMACmd                                    build/platform/driver/src/stm32f4xx_spi.o
SPI_I2S_DeInit                                    build/platform/driver/src/stm32f4xx_spi.o
SPI_I2S_GetFlagStatus                             build/platform/driver/src/stm32f4xx_spi.o
SPI_I2S_GetITStatus                               build/platform/driver/src/stm32f4xx_spi.o
SPI_I2S_ITConfig                                  build/platform/driver/src/stm32f4xx_spi.o
SPI_I2S_ReceiveData                               build/platform/driver/src/stm32f4xx_spi.o
SPI_I2S_SendData                                  build/platform/driver/src/stm32f4xx_spi.o
SPI_Init                                          build/platform/driver/src/stm32f4xx_spi.o
SPI_NSSInternalSoftwareConfig                     build/platform/driver/src/stm32f4xx_spi.o
SPI_SSOutputCmd                                   build/platform/driver/src/stm32f4xx_spi.o
SPI_StructInit                                    build/platform/driver/src/stm32f4xx_spi.o
SPI_TIModeCmd                                     build/platform/driver/src/stm32f4xx_spi.o
SPI_TransmitCRC                                   build/platform/driver/src/stm32f4xx_spi.o
SVC_Handler                                       build/platform/cmsis/device/startup_stm32f40_41xxx.o
SYSCFG_CompensationCellCmd                        build/platform/driver/src/stm32f4xx_syscfg.o
SYSCFG_DeInit                                     build/platform/driver/src/stm32f4xx_syscfg.o
SYSCFG_ETH_MediaInterfaceConfig                   build/platform/driver/src/stm32f4xx_syscfg.o
SYSCFG_EXTILineConfig                             build/platform/driver/src/stm32f4xx_syscfg.o
SYSCFG_GetCompensationCellStatus                  build/platform/driver/src/stm32f4xx_syscfg.o
SYSCFG_MemoryRemapConfig                          build/platform/driver/src/stm32f4xx_syscfg.o
SYSCFG_MemorySwappingBank                         build/platform/driver/src/stm32f4xx_syscfg.o
SysTick_CLKSourceConfig                           build/platform/driver/src/misc.o
SysTick_Handler                                   build/platform/cmsis/device/startup_stm32f40_41xxx.o
SystemCoreClock                                   build/platform/cmsis/device/system_stm32f4xx.o
SystemCoreClockUpdate                             build/platform/cmsis/device/system_stm32f4xx.o
SystemInit                                        build/platform/cmsis/device/system_stm32f4xx.o
                                                  build/platform/cmsis/device/startup_stm32f40_41xxx.o
TAMP_STAMP_IRQHandler                             build/platform/cmsis/device/startup_stm32f40_41xxx.o
TIM1_BRK_TIM9_IRQHandler                          build/platform/cmsis/device/startup_stm32f40_41xxx.o
TIM1_CC_IRQHandler                                build/platform/cmsis/device/startup_stm32f40_41xxx.o
TIM1_TRG_COM_TIM11_IRQHandler                     build/platform/cmsis/device/startup_stm32f40_41xxx.o
TIM1_UP_TIM10_IRQHandler                          build/platform/cmsis/device/startup_stm32f40_41xxx.o
TIM2_IRQHandler                                   build/platform/cmsis/device/startup_stm32f40_41xxx.o
TIM3_IRQHandler                                   build/platform/cmsis/device/startup_stm32f40_41xxx.o
TIM4_IRQHandler                                   build/platform/cmsis/device/startup_stm32f40_41xxx.o
TIM5_IRQHandler                                   build/platform/cmsis/device/startup_stm32f40_41xxx.o
TIM6_DAC_IRQHandler                               build/platform/cmsis/device/startup_stm32f40_41xxx.o
TIM7_IRQHandler                                   build/platform/cmsis/device/startup_stm32f40_41xxx.o
TIM8_BRK_TIM12_IRQHandler                         build/platform/cmsis/device/startup_stm32f40_41xxx.o
TIM8_CC_IRQHandler                                build/platform/cmsis/device/startup_stm32f40_41xxx.o
TIM8_TRG_COM_TIM14_IRQHandler                     build/platform/cmsis/device/startup_stm32f40_41xxx.o
TIM8_UP_TIM13_IRQHandler                          build/platform/cmsis/device/startup_stm32f40_41xxx.o
TIM_ARRPreloadConfig                              build/platform/driver/src/stm32f4xx_tim.o
TIM_BDTRConfig                                    build/platform/driver/src/stm32f4xx_tim.o
TIM_BDTRStructInit                                build/platform/driver/src/stm32f4xx_tim.o
TIM_CCPreloadControl                              build/platform/driver/src/stm32f4xx_tim.o
TIM_CCxCmd                                        build/platform/driver/src/stm32f4xx_tim.o
TIM_CCxNCmd                                       build/platform/driver/src/stm32f4xx_tim.o
TIM_ClearFlag                                     build/platform/driver/src/stm32f4xx_tim.o
TIM_ClearITPendingBit                             build/platform/driver/src/stm32f4xx_tim.o
TIM_ClearOC1Ref                                   build/platform/driver/src/stm32f4xx_tim.o
TIM_ClearOC2Ref                                   build/platform/driver/src/stm32f4xx_tim.o
TIM_ClearOC3Ref                                   build/platform/driver/src/stm32f4xx_tim.o
TIM_ClearOC4Ref                                   build/platform/driver/src/stm32f4xx_tim.o
TIM_Cmd                                           build/platform/driver/src/stm32f4xx_tim.o
TIM_CounterModeConfig                             build/platform/driver/src/stm32f4xx_tim.o
TIM_CtrlPWMOutputs                                build/platform/driver/src/stm32f4xx_tim.o
TIM_DMACmd                                        build/platform/driver/src/stm32f4xx_tim.o
TIM_DMAConfig                                     build/platform/driver/src/stm32f4xx_tim.o
TIM_DeInit                                        build/platform/driver/src/stm32f4xx_tim.o
TIM_ETRClockMode1Config                           build/platform/driver/src/stm32f4xx_tim.o
TIM_ETRClockMode2Config                           build/platform/driver/src/stm32f4xx_tim.o
TIM_ETRConfig                                     build/platform/driver/src/stm32f4xx_tim.o
TIM_EncoderInterfaceConfig                        build/platform/driver/src/stm32f4xx_tim.o
TIM_ForcedOC1Config                               build/platform/driver/src/stm32f4xx_tim.o
TIM_ForcedOC2Config                               build/platform/driver/src/stm32f4xx_tim.o
TIM_ForcedOC3Config                               build/platform/driver/src/stm32f4xx_tim.o
TIM_ForcedOC4Config                               build/platform/driver/src/stm32f4xx_tim.o
TIM_GenerateEvent                                 build/platform/driver/src/stm32f4xx_tim.o
TIM_GetCapture1                                   build/platform/driver/src/stm32f4xx_tim.o
TIM_GetCapture2                                   build/platform/driver/src/stm32f4xx_tim.o
TIM_GetCapture3                                   build/platform/driver/src/stm32f4xx_tim.o
TIM_GetCapture4                                   build/platform/driver/src/stm32f4xx_tim.o
TIM_GetCounter                                    build/platform/driver/src/stm32f4xx_tim.o
TIM_GetFlagStatus                                 build/platform/driver/src/stm32f4xx_tim.o
TIM_GetITStatus                                   build/platform/driver/src/stm32f4xx_tim.o
TIM_GetPrescaler                                  build/platform/driver/src/stm32f4xx_tim.o
TIM_ICInit                                        build/platform/driver/src/stm32f4xx_tim.o
TIM_ICStructInit                                  build/platform/driver/src/stm32f4xx_tim.o